<?xml version="1.0" encoding="utf-8"?>
<TestRun id="177b0ea8-15a7-4843-8103-79d7d23f6138" name="@task-execution-3fcf77b8-8a7d-4c84-9e43-63aa7adfbb6e 2026-09-21 15:44:37" xmlns="http://microsoft.com/schemas/VisualStudio/TeamTest/2010">
  <Times creation="2026-09-21T15:44:37.9562564+00:00" queuing="2026-09-21T15:44:37.9562564+00:00" start="2026-09-21T15:44:37.2424376+00:00" finish="2026-09-21T15:44:38.0219910+00:00" />
  <TestSettings name="default" id="ed919fe7-03a0-4441-95d7-dafb1c7aed30">
    <Deployment runDeploymentRoot="_task-execution-3fcf77b8-8a7d-4c84-9e43-63aa7adfbb6e_2026-09-21_15_44_37" />
  </TestSettings>
  <Results>
    <UnitTestResult executionId="1d1316bb-dac3-437f-b961-99d7f495b019" testId="1f0b74d8-1cd5-585a-1584-08e9626d2fb2" testName="TimezoneUtility.Unit.Services.BatchConversion.BatchTimestampInterpreterTests.STS_004_B1_ExplicitOffset_TakesPrecedenceOverSourceTimezone" computerName="task-execution-3fcf77b8-8a7d-4c84-9e43-63aa7adfbb6e" duration="00:00:00.0005999" startTime="2026-09-21T15:44:37.9339363+00:00" endTime="2026-09-21T15:44:37.9339363+00:00" testType="13cdc9d9-ddb5-4fa4-a97d-d965ccfc6d4b" outcome="Passed" testListId="8c84fa94-04c1-424b-9868-57a2d4851a1d" relativeResultsDirectory="1d1316bb-dac3-437f-b961-99d7f495b019" />
    <UnitTestResult executionId="84b2d55d-c715-491c-ab49-58b5f83030f7" testId="44f1d2e4-a7fb-88e1-a04f-6ffdbae72b2b" testName="TimezoneUtility.Unit.Services.BatchConversion.BatchRunSummaryGeneratorTests.STS_011_B1_HeaderOnlyFile_NoRowsProcessed_TrueAndCountsZero" computerName="task-execution-3fcf77b8-8a7d-4c84-9e43-63aa7adfbb6e" duration="00:00:00.0033313" startTime="2026-09-21T15:44:37.9110157+00:00" endTime="2026-09-21T15:44:37.9110157+00:00" testType="13cdc9d9-ddb5-4fa4-a97d-d965ccfc6d4b" outcome="Passed" testListId="8c84fa94-04c1-424b-9868-57a2d4851a1d" relativeResultsDirectory="84b2d55d-c715-491c-ab49-58b5f83030f7" />
    <UnitTestResult executionId="cc4d547f-e984-44ad-b27f-2bc085c17f35" testId="f5a456b5-25ea-feb9-8970-06fd2387655d" testName="TimezoneUtility.Unit.Services.BatchConversion.BatchRowProcessorTests.STS_005_C1_UnderlyingConversionEngineThrows_RowIsIsolatedAsFailure" computerName="task-execution-3fcf77b8-8a7d-4c84-9e43-63aa7adfbb6e" duration="00:00:00.0470527" startTime="2026-09-21T15:44:37.9850452+00:00" endTime="2026-09-21T15:44:37.9850452+00:00" testType="13cdc9d9-ddb5-4fa4-a97d-d965ccfc6d4b" outcome="Passed" testListId="8c84fa94-04c1-424b-9868-57a2d4851a1d" relativeResultsDirectory="cc4d547f-e984-44ad-b27f-2bc085c17f35" />
    <UnitTestResult executionId="6698ef1e-c2d8-4388-92cc-3572bef005b5" testId="aedc13a2-9e77-0b9b-4c2e-405495c5f686" testName="TimezoneUtility.Unit.Services.BatchConversion.BatchRunSummaryGeneratorTests.STS_010_A2_PartiallySucceeded_BothCountsGreaterThanZero" computerName="task-execution-3fcf77b8-8a7d-4c84-9e43-63aa7adfbb6e" duration="00:00:00.0002108" startTime="2026-09-21T15:44:37.8781479+00:00" endTime="2026-09-21T15:44:37.8781479+00:00" testType="13cdc9d9-ddb5-4fa4-a97d-d965ccfc6d4b" outcome="Passed" testListId="8c84fa94-04c1-424b-9868-57a2d4851a1d" relativeResultsDirectory="6698ef1e-c2d8-4388-92cc-3572bef005b5" />
    <UnitTestResult executionId="503f62cd-ec31-4d68-bea0-2224969e7d3b" testId="7718f4bd-53a5-cc88-9306-04701a1d2164" testName="TimezoneUtility.Unit.Services.BatchConversion.ModelInvariantTests.REQ_021_REQ_022_BatchRunSummary_TotalRowsEqualsSucceededPlusFailed(succeeded: 0, failed: 5)" computerName="task-execution-3fcf77b8-8a7d-4c84-9e43-63aa7adfbb6e" duration="00:00:00.0000033" startTime="2026-09-21T15:44:37.9147407+00:00" endTime="2026-09-21T15:44:37.9147407+00:00" testType="13cdc9d9-ddb5-4fa4-a97d-d965ccfc6d4b" outcome="Passed" testListId="8c84fa94-04c1-424b-9868-57a2d4851a1d" relativeResultsDirectory="503f62cd-ec31-4d68-bea0-2224969e7d3b" />
    <UnitTestResult executionId="075f0f40-9e05-4e62-b30f-99c50b0a4d04" testId="ac05867c-fd10-b86b-27d9-3f814aa8d84c" testName="TimezoneUtility.Unit.Services.BatchConversion.BatchOutputWriterTests.STS_009_A1_TwoOutputArtifacts_ContainExactlyTheirOwnRecordsWithNoIntermixing" computerName="task-execution-3fcf77b8-8a7d-4c84-9e43-63aa7adfbb6e" duration="00:00:00.0127361" startTime="2026-09-21T15:44:37.9523725+00:00" endTime="2026-09-21T15:44:37.9523726+00:00" testType="13cdc9d9-ddb5-4fa4-a97d-d965ccfc6d4b" outcome="Passed" testListId="8c84fa94-04c1-424b-9868-57a2d4851a1d" relativeResultsDirectory="075f0f40-9e05-4e62-b30f-99c50b0a4d04" />
    <UnitTestResult executionId="7dc67473-2ff2-4a89-b601-5becb823d54d" testId="4b3c16ad-a3f4-f111-8906-2902a5294319" testName="TimezoneUtility.Unit.Services.BatchConversion.ModelInvariantTests.InvalidRowRecord_HoldsRowNumberAndReason" computerName="task-execution-3fcf77b8-8a7d-4c84-9e43-63aa7adfbb6e" duration="00:00:00.0000926" startTime="2026-09-21T15:44:37.9159854+00:00" endTime="2026-09-21T15:44:37.9159854+00:00" testType="13cdc9d9-ddb5-4fa4-a97d-d965ccfc6d4b" outcome="Passed" testListId="8c84fa94-04c1-424b-9868-57a2d4851a1d" relativeResultsDirectory="7dc67473-2ff2-4a89-b601-5becb823d54d" />
    <UnitTestResult executionId="c1be9034-17db-4e30-affb-989938b90093" testId="14daf099-5f87-4cd5-aeba-47e8a461558e" testName="TimezoneUtility.Unit.Services.BatchConversion.BatchRunSummaryGeneratorTests.AllFailed_SucceededCountIsZero" computerName="task-execution-3fcf77b8-8a7d-4c84-9e43-63aa7adfbb6e" duration="00:00:00.0185885" startTime="2026-09-21T15:44:37.8703558+00:00" endTime="2026-09-21T15:44:37.8703709+00:00" testType="13cdc9d9-ddb5-4fa4-a97d-d965ccfc6d4b" outcome="Passed" testListId="8c84fa94-04c1-424b-9868-57a2d4851a1d" relativeResultsDirectory="c1be9034-17db-4e30-affb-989938b90093" />
    <UnitTestResult executionId="9bb5034c-1478-490d-89d8-f43898407aca" testId="88a5291a-312f-e746-e51b-974e8f15ab62" testName="TimezoneUtility.Unit.Services.BatchConversion.ModelInvariantTests.REQ_025_RowConversionResult_ConvertedLocalDateTime_ReflectsDateBoundaryCrossing" computerName="task-execution-3fcf77b8-8a7d-4c84-9e43-63aa7adfbb6e" duration="00:00:00.0271822" startTime="2026-09-21T15:44:37.9159490+00:00" endTime="2026-09-21T15:44:37.9159490+00:00" testType="13cdc9d9-ddb5-4fa4-a97d-d965ccfc6d4b" outcome="Passed" testListId="8c84fa94-04c1-424b-9868-57a2d4851a1d" relativeResultsDirectory="9bb5034c-1478-490d-89d8-f43898407aca" />
    <UnitTestResult executionId="97c1c47e-7c0c-49d5-a4f2-b86fcb53e0d0" testId="eb8b225e-7334-7fe1-ba56-323c801bdb86" testName="TimezoneUtility.Unit.Services.BatchConversion.BatchRowValidatorTests.STS_003_B2_ValidIanaIdentifiers_AreRecognized" computerName="task-execution-3fcf77b8-8a7d-4c84-9e43-63aa7adfbb6e" duration="00:00:00.0013547" startTime="2026-09-21T15:44:37.9148159+00:00" endTime="2026-09-21T15:44:37.9148160+00:00" testType="13cdc9d9-ddb5-4fa4-a97d-d965ccfc6d4b" outcome="Passed" testListId="8c84fa94-04c1-424b-9868-57a2d4851a1d" relativeResultsDirectory="97c1c47e-7c0c-49d5-a4f2-b86fcb53e0d0" />
    <UnitTestResult executionId="69589769-4bb7-4622-8fcb-b3a60444b309" testId="d9cfbed8-fb80-3e62-d57e-e0d08a077938" testName="TimezoneUtility.Unit.Services.BatchConversion.BatchTimestampInterpreterTests.EmptyTimestamp_ReturnsFalse" computerName="task-execution-3fcf77b8-8a7d-4c84-9e43-63aa7adfbb6e" duration="00:00:00.0000942" startTime="2026-09-21T15:44:37.9339107+00:00" endTime="2026-09-21T15:44:37.9339107+00:00" testType="13cdc9d9-ddb5-4fa4-a97d-d965ccfc6d4b" outcome="Passed" testListId="8c84fa94-04c1-424b-9868-57a2d4851a1d" relativeResultsDirectory="69589769-4bb7-4622-8fcb-b3a60444b309" />
    <UnitTestResult executionId="3697434f-2d90-4021-be44-99fbcd2ffd64" testId="8670df7a-26bc-5c4d-bddc-8c62d4e2c469" testName="TimezoneUtility.Unit.Services.BatchConversion.BatchRowValidatorTests.REQ_015_MissingSourceTimezone_FailsIdentifyingTheField" computerName="task-execution-3fcf77b8-8a7d-4c84-9e43-63aa7adfbb6e" duration="00:00:00.0005243" startTime="2026-09-21T15:44:37.9148030+00:00" endTime="2026-09-21T15:44:37.9148031+00:00" testType="13cdc9d9-ddb5-4fa4-a97d-d965ccfc6d4b" outcome="Passed" testListId="8c84fa94-04c1-424b-9868-57a2d4851a1d" relativeResultsDirectory="3697434f-2d90-4021-be44-99fbcd2ffd64" />
    <UnitTestResult executionId="cd9b7141-fced-40d8-8942-20afd757f08b" testId="4ce80567-2c44-406b-eaa1-a397d1a23424" testName="TimezoneUtility.Unit.Services.BatchConversion.BatchOutputWriterTests.STS_009_B1_WriteDestinationUnwritable_ReportsFailure_AndInMemoryResultsRemainRetained" computerName="task-execution-3fcf77b8-8a7d-4c84-9e43-63aa7adfbb6e" duration="00:00:00.0953025" startTime="2026-09-21T15:44:37.9397375+00:00" endTime="2026-09-21T15:44:37.9397376+00:00" testType="13cdc9d9-ddb5-4fa4-a97d-d965ccfc6d4b" outcome="Passed" testListId="8c84fa94-04c1-424b-9868-57a2d4851a1d" relativeResultsDirectory="cd9b7141-fced-40d8-8942-20afd757f08b" />
    <UnitTestResult executionId="004d634f-292b-4f95-98cf-652ef14f5b64" testId="3928f3e3-9c2b-b641-0eac-8fb7e022e0b8" testName="TimezoneUtility.Unit.Services.BatchConversion.TimeServiceDstBoundaryTests.STS_005_B1_SpringForwardNonexistentHour_ResolvesToConvertedResult_NotAnException" computerName="task-execution-3fcf77b8-8a7d-4c84-9e43-63aa7adfbb6e" duration="00:00:00.0003921" startTime="2026-09-21T15:44:37.9159398+00:00" endTime="2026-09-21T15:44:37.9159398+00:00" testType="13cdc9d9-ddb5-4fa4-a97d-d965ccfc6d4b" outcome="Passed" testListId="8c84fa94-04c1-424b-9868-57a2d4851a1d" relativeResultsDirectory="004d634f-292b-4f95-98cf-652ef14f5b64" />
    <UnitTestResult executionId="c81659e9-2b20-485e-a7ba-b1a0990e6966" testId="7a1a073e-4b3f-161c-e806-029b4d3cba98" testName="TimezoneUtility.Unit.Services.BatchConversion.BatchTimestampInterpreterTests.STS_004_A1_NoExplicitOffset_IsInterpretedAsLocalToSourceTimezone" computerName="task-execution-3fcf77b8-8a7d-4c84-9e43-63aa7adfbb6e" duration="00:00:00.0027537" startTime="2026-09-21T15:44:37.9338555+00:00" endTime="2026-09-21T15:44:37.9338555+00:00" testType="13cdc9d9-ddb5-4fa4-a97d-d965ccfc6d4b" outcome="Passed" testListId="8c84fa94-04c1-424b-9868-57a2d4851a1d" relativeResultsDirectory="c81659e9-2b20-485e-a7ba-b1a0990e6966" />
    <UnitTestResult executionId="13f84e14-97af-41b2-8e58-fa1566c3fe84" testId="5709da7f-72bd-4b87-a958-445f17790649" testName="TimezoneUtility.Unit.Services.BatchConversion.CsvBatchReaderTests.REQ_002_HeaderNames_AreCaseInsensitive" computerName="task-execution-3fcf77b8-8a7d-4c84-9e43-63aa7adfbb6e" duration="00:00:00.0007004" startTime="2026-09-21T15:44:37.9124768+00:00" endTime="2026-09-21T15:44:37.9124769+00:00" testType="13cdc9d9-ddb5-4fa4-a97d-d965ccfc6d4b" outcome="Passed" testListId="8c84fa94-04c1-424b-9868-57a2d4851a1d" relativeResultsDirectory="13f84e14-97af-41b2-8e58-fa1566c3fe84" />
    <UnitTestResult executionId="bd54b017-2f08-4ce4-bbaf-9542b7e24bc3" testId="ca0a8b12-acc1-3fa8-b9b7-775027de81a0" testName="TimezoneUtility.Unit.Services.BatchConversion.SuccessfulResultFormatterTests.STS_005_A1_DateBoundaryCrossing_IsCapturedInConvertedResult" computerName="task-execution-3fcf77b8-8a7d-4c84-9e43-63aa7adfbb6e" duration="00:00:00.0599983" startTime="2026-09-21T15:44:37.9153654+00:00" endTime="2026-09-21T15:44:37.9153655+00:00" testType="13cdc9d9-ddb5-4fa4-a97d-d965ccfc6d4b" outcome="Passed" testListId="8c84fa94-04c1-424b-9868-57a2d4851a1d" relativeResultsDirectory="bd54b017-2f08-4ce4-bbaf-9542b7e24bc3" />
    <UnitTestResult executionId="f7fbd86c-62b0-4870-82d9-a7cdea2914bc" testId="fabd92b0-32fe-15aa-b3df-ab25f3eaab54" testName="TimezoneUtility.Unit.Services.BatchConversion.BatchRunSummaryGeneratorTests.STS_010_B1_IncompleteFailedRowCount_SummaryReflectsIncompleteCountNotTrueCount" computerName="task-execution-3fcf77b8-8a7d-4c84-9e43-63aa7adfbb6e" duration="00:00:00.0005282" startTime="2026-09-21T15:44:37.9123932+00:00" endTime="2026-09-21T15:44:37.9123932+00:00" testType="13cdc9d9-ddb5-4fa4-a97d-d965ccfc6d4b" outcome="Passed" testListId="8c84fa94-04c1-424b-9868-57a2d4851a1d" relativeResultsDirectory="f7fbd86c-62b0-4870-82d9-a7cdea2914bc" />
    <UnitTestResult executionId="9215ea34-07b1-474e-98d1-531cff2a648f" testId="e2aeeef7-e2af-c84f-1c7a-d5b7cd4c476b" testName="TimezoneUtility.Unit.Services.BatchConversion.ModelInvariantTests.REQ_021_REQ_022_BatchRunSummary_TotalRowsEqualsSucceededPlusFailed(succeeded: 5, failed: 0)" computerName="task-execution-3fcf77b8-8a7d-4c84-9e43-63aa7adfbb6e" duration="00:00:00.0001238" startTime="2026-09-21T15:44:37.9133479+00:00" endTime="2026-09-21T15:44:37.9133479+00:00" testType="13cdc9d9-ddb5-4fa4-a97d-d965ccfc6d4b" outcome="Passed" testListId="8c84fa94-04c1-424b-9868-57a2d4851a1d" relativeResultsDirectory="9215ea34-07b1-474e-98d1-531cff2a648f" />
    <UnitTestResult executionId="a84e2d3a-95c4-4b7f-a1fe-d9475fd513d5" testId="ac54ae97-bf03-9e52-b034-ed50f91fe0e4" testName="TimezoneUtility.Unit.Services.BatchConversion.BatchRunSummaryGeneratorTests.REQ_NF_003_TwoCountsAloneClassifyTheRun(succeeded: 3, failed: 2)" computerName="task-execution-3fcf77b8-8a7d-4c84-9e43-63aa7adfbb6e" duration="00:00:00.0001844" startTime="2026-09-21T15:44:37.9110329+00:00" endTime="2026-09-21T15:44:37.9110329+00:00" testType="13cdc9d9-ddb5-4fa4-a97d-d965ccfc6d4b" outcome="Passed" testListId="8c84fa94-04c1-424b-9868-57a2d4851a1d" relativeResultsDirectory="a84e2d3a-95c4-4b7f-a1fe-d9475fd513d5" />
    <UnitTestResult executionId="7426b2fb-22ff-4822-9014-6d6a9653d43e" testId="d2124d37-75ab-e29b-2b5a-f11cb544fe36" testName="TimezoneUtility.Unit.Services.BatchConversion.InvalidRowReporterTests.REQ_014_UnrecognizedTimezoneReason_ContainsTheOffendingValue" computerName="task-execution-3fcf77b8-8a7d-4c84-9e43-63aa7adfbb6e" duration="00:00:00.0000888" startTime="2026-09-21T15:44:37.9109989+00:00" endTime="2026-09-21T15:44:37.9109989+00:00" testType="13cdc9d9-ddb5-4fa4-a97d-d965ccfc6d4b" outcome="Passed" testListId="8c84fa94-04c1-424b-9868-57a2d4851a1d" relativeResultsDirectory="7426b2fb-22ff-4822-9014-6d6a9653d43e" />
    <UnitTestResult executionId="21a31b6d-ce4a-4102-8b8a-8e419ad83ee3" testId="7234e5e4-4b1a-e3a5-b894-7b12b0c07eb3" testName="TimezoneUtility.Unit.Services.BatchConversion.InvalidRowReporterTests.STS_007_A1_ReportedEntry_ContainsRowNumberAndReason" computerName="task-execution-3fcf77b8-8a7d-4c84-9e43-63aa7adfbb6e" duration="00:00:00.0214587" startTime="2026-09-21T15:44:37.9109831+00:00" endTime="2026-09-21T15:44:37.9109831+00:00" testType="13cdc9d9-ddb5-4fa4-a97d-d965ccfc6d4b" outcome="Passed" testListId="8c84fa94-04c1-424b-9868-57a2d4851a1d" relativeResultsDirectory="21a31b6d-ce4a-4102-8b8a-8e419ad83ee3" />
    <UnitTestResult executionId="d95b502c-6d0f-49e4-a1fc-e4e01f2a62ca" testId="3403d022-9622-e1f8-25c7-ca6bab5ad9f5" testName="TimezoneUtility.Unit.Services.BatchConversion.BatchRunSummaryGeneratorTests.REQ_NF_003_TwoCountsAloneClassifyTheRun(succeeded: 0, failed: 5)" computerName="task-execution-3fcf77b8-8a7d-4c84-9e43-63aa7adfbb6e" duration="00:00:00.0007161" startTime="2026-09-21T15:44:37.9121550+00:00" endTime="2026-09-21T15:44:37.9121551+00:00" testType="13cdc9d9-ddb5-4fa4-a97d-d965ccfc6d4b" outcome="Passed" testListId="8c84fa94-04c1-424b-9868-57a2d4851a1d" relativeResultsDirectory="d95b502c-6d0f-49e4-a1fc-e4e01f2a62ca" />
    <UnitTestResult executionId="20921cc3-2cb4-4ab3-8430-3ef725e87795" testId="1aa0b625-6feb-64af-7249-819ed02f607e" testName="TimezoneUtility.Unit.Services.BatchConversion.CsvBatchReaderTests.STS_001_A1_MissingFile_ReturnsFileLevelError" computerName="task-execution-3fcf77b8-8a7d-4c84-9e43-63aa7adfbb6e" duration="00:00:00.0065682" startTime="2026-09-21T15:44:37.9124164+00:00" endTime="2026-09-21T15:44:37.9124165+00:00" testType="13cdc9d9-ddb5-4fa4-a97d-d965ccfc6d4b" outcome="Passed" testListId="8c84fa94-04c1-424b-9868-57a2d4851a1d" relativeResultsDirectory="20921cc3-2cb4-4ab3-8430-3ef725e87795" />
    <UnitTestResult executionId="e65b8549-6386-40c2-8cba-29346f768b94" testId="af6dcef6-602e-b5e0-5981-6902b39b2582" testName="TimezoneUtility.Unit.Services.BatchConversion.BatchRunSummaryGeneratorTests.STS_010_B2_HeaderOnlyFile_ProducesNoRowsProcessedMessageNotZeroSummary" computerName="task-execution-3fcf77b8-8a7d-4c84-9e43-63aa7adfbb6e" duration="00:00:00.0013771" startTime="2026-09-21T15:44:37.9123645+00:00" endTime="2026-09-21T15:44:37.9123646+00:00" testType="13cdc9d9-ddb5-4fa4-a97d-d965ccfc6d4b" outcome="Passed" testListId="8c84fa94-04c1-424b-9868-57a2d4851a1d" relativeResultsDirectory="e65b8549-6386-40c2-8cba-29346f768b94" />
    <UnitTestResult executionId="6b35fe7e-cbfc-472e-9d45-ac08c264017f" testId="78cedbc1-cd50-dd36-9de3-91336d00a456" testName="TimezoneUtility.Unit.Services.BatchConversion.BatchTimestampInterpreterTests.UnparseableTimestamp_ReturnsFalse" computerName="task-execution-3fcf77b8-8a7d-4c84-9e43-63aa7adfbb6e" duration="00:00:00.0759655" startTime="2026-09-21T15:44:37.9210843+00:00" endTime="2026-09-21T15:44:37.9210843+00:00" testType="13cdc9d9-ddb5-4fa4-a97d-d965ccfc6d4b" outcome="Passed" testListId="8c84fa94-04c1-424b-9868-57a2d4851a1d" relativeResultsDirectory="6b35fe7e-cbfc-472e-9d45-ac08c264017f" />
    <UnitTestResult executionId="b39409db-7fa6-413c-88d0-e072a5218e47" testId="34a2213c-5695-aff4-938b-a6a56464b6b6" testName="TimezoneUtility.Unit.Services.BatchConversion.CsvBatchReaderTests.STS_002_A1_HeaderColumnsResolvedByName_OrderIndependent_ExtraColumnIgnored" computerName="task-execution-3fcf77b8-8a7d-4c84-9e43-63aa7adfbb6e" duration="00:00:00.0007029" startTime="2026-09-21T15:44:37.9124352+00:00" endTime="2026-09-21T15:44:37.9124352+00:00" testType="13cdc9d9-ddb5-4fa4-a97d-d965ccfc6d4b" outcome="Passed" testListId="8c84fa94-04c1-424b-9868-57a2d4851a1d" relativeResultsDirectory="b39409db-7fa6-413c-88d0-e072a5218e47" />
    <UnitTestResult executionId="32849598-68b9-4c7d-a794-10f42bfd9b94" testId="5d56f4d6-4912-87c1-ef0c-fcaa4cba30ec" testName="TimezoneUtility.Unit.Services.BatchConversion.BatchRowsOrchestratorTests.STS_006_B1_UnhandledExceptionFromRowTwo_OrchestratorContinuesToRowsThreeAndFour" computerName="task-execution-3fcf77b8-8a7d-4c84-9e43-63aa7adfbb6e" duration="00:00:00.0318999" startTime="2026-09-21T15:44:37.9160000+00:00" endTime="2026-09-21T15:44:37.9160000+00:00" testType="13cdc9d9-ddb5-4fa4-a97d-d965ccfc6d4b" outcome="Passed" testListId="8c84fa94-04c1-424b-9868-57a2d4851a1d" relativeResultsDirectory="32849598-68b9-4c7d-a794-10f42bfd9b94" />
    <UnitTestResult executionId="f5eaf424-97f2-44a2-9270-104b6d58f335" testId="aac64e10-8034-ec05-e9ed-b4a87bb32046" testName="TimezoneUtility.Unit.Services.BatchConversion.CsvBatchReaderTests.STS_002_B1_HeaderOnlyFile_ResolvesSuccessfullyWithZeroRows" computerName="task-execution-3fcf77b8-8a7d-4c84-9e43-63aa7adfbb6e" duration="00:00:00.0006449" startTime="2026-09-21T15:44:37.9132507+00:00" endTime="2026-09-21T15:44:37.9132508+00:00" testType="13cdc9d9-ddb5-4fa4-a97d-d965ccfc6d4b" outcome="Passed" testListId="8c84fa94-04c1-424b-9868-57a2d4851a1d" relativeResultsDirectory="f5eaf424-97f2-44a2-9270-104b6d58f335" />
    <UnitTestResult executionId="6900ea8d-20c3-41e1-a8cb-a9a8d69611cc" testId="b68b38b1-b6fc-86c2-8b25-e7917129b700" testName="TimezoneUtility.Unit.Services.BatchConversion.ModelInvariantTests.REQ_021_REQ_022_BatchRunSummary_TotalRowsEqualsSucceededPlusFailed(succeeded: 3, failed: 2)" computerName="task-execution-3fcf77b8-8a7d-4c84-9e43-63aa7adfbb6e" duration="00:00:00.0000136" startTime="2026-09-21T15:44:37.9147211+00:00" endTime="2026-09-21T15:44:37.9147211+00:00" testType="13cdc9d9-ddb5-4fa4-a97d-d965ccfc6d4b" outcome="Passed" testListId="8c84fa94-04c1-424b-9868-57a2d4851a1d" relativeResultsDirectory="6900ea8d-20c3-41e1-a8cb-a9a8d69611cc" />
    <UnitTestResult executionId="31fb73f5-6b79-454b-9380-4fa98cd2e27d" testId="e5d0f044-6d58-cf97-5f4a-5c656fddb375" testName="TimezoneUtility.Unit.Services.BatchConversion.ModelInvariantTests.BatchConversionRow_HoldsRawFieldsExactlyAsSupplied" computerName="task-execution-3fcf77b8-8a7d-4c84-9e43-63aa7adfbb6e" duration="00:00:00.0001603" startTime="2026-09-21T15:44:37.9147669+00:00" endTime="2026-09-21T15:44:37.9147669+00:00" testType="13cdc9d9-ddb5-4fa4-a97d-d965ccfc6d4b" outcome="Passed" testListId="8c84fa94-04c1-424b-9868-57a2d4851a1d" relativeResultsDirectory="31fb73f5-6b79-454b-9380-4fa98cd2e27d" />
    <UnitTestResult executionId="ebec2b8c-1b44-44a5-b7e8-57b70c6614ad" testId="b6072c66-7ade-8f42-cb4c-1cf0aa26b76f" testName="TimezoneUtility.Unit.Services.BatchConversion.BatchRunSummaryGeneratorTests.REQ_NF_003_TwoCountsAloneClassifyTheRun(succeeded: 5, failed: 0)" computerName="task-execution-3fcf77b8-8a7d-4c84-9e43-63aa7adfbb6e" duration="00:00:00.0000094" startTime="2026-09-21T15:44:37.9121808+00:00" endTime="2026-09-21T15:44:37.9121808+00:00" testType="13cdc9d9-ddb5-4fa4-a97d-d965ccfc6d4b" outcome="Passed" testListId="8c84fa94-04c1-424b-9868-57a2d4851a1d" relativeResultsDirectory="ebec2b8c-1b44-44a5-b7e8-57b70c6614ad" />
    <UnitTestResult executionId="bd007826-2071-4429-8a19-f9417fc5d150" testId="d3d9ce95-4943-1d77-b14a-2d1ad4a1e9d3" testName="TimezoneUtility.Unit.Services.BatchConversion.BatchRowValidatorTests.STS_003_A2_UnrecognizedSourceTimezone_FailsWithFieldSpecificReason" computerName="task-execution-3fcf77b8-8a7d-4c84-9e43-63aa7adfbb6e" duration="00:00:00.0093120" startTime="2026-09-21T15:44:37.9132800+00:00" endTime="2026-09-21T15:44:37.9132801+00:00" testType="13cdc9d9-ddb5-4fa4-a97d-d965ccfc6d4b" outcome="Passed" testListId="8c84fa94-04c1-424b-9868-57a2d4851a1d" relativeResultsDirectory="bd007826-2071-4429-8a19-f9417fc5d150" />
    <UnitTestResult executionId="8cf8cebe-dc4a-4311-aba8-d5964fba9ebc" testId="53e99a33-480c-d0df-be01-610388c4f4da" testName="TimezoneUtility.Unit.Services.BatchConversion.BatchRowValidatorTests.REQ_015_MissingTargetTimezone_FailsIdentifyingTheField" computerName="task-execution-3fcf77b8-8a7d-4c84-9e43-63aa7adfbb6e" duration="00:00:00.0000527" startTime="2026-09-21T15:44:37.9153345+00:00" endTime="2026-09-21T15:44:37.9153346+00:00" testType="13cdc9d9-ddb5-4fa4-a97d-d965ccfc6d4b" outcome="Passed" testListId="8c84fa94-04c1-424b-9868-57a2d4851a1d" relativeResultsDirectory="8cf8cebe-dc4a-4311-aba8-d5964fba9ebc" />
    <UnitTestResult executionId="671bac26-ea62-4645-ade3-114c31a9183f" testId="5fa40a7e-9df8-eab4-f91e-70b910b3b2dc" testName="TimezoneUtility.Unit.Services.BatchConversion.InvalidRowReporterTests.STS_007_B1_50Of200Rows_EachProducesDistinctEntry_ZeroOmitted" computerName="task-execution-3fcf77b8-8a7d-4c84-9e43-63aa7adfbb6e" duration="00:00:00.0049385" startTime="2026-09-21T15:44:37.9123828+00:00" endTime="2026-09-21T15:44:37.9123829+00:00" testType="13cdc9d9-ddb5-4fa4-a97d-d965ccfc6d4b" outcome="Passed" testListId="8c84fa94-04c1-424b-9868-57a2d4851a1d" relativeResultsDirectory="671bac26-ea62-4645-ade3-114c31a9183f" />
    <UnitTestResult executionId="ae5fe61d-11d4-4d97-82c9-f94b60298b7c" testId="be01a04f-f400-1ffa-befb-babada64c76a" testName="TimezoneUtility.Unit.Services.BatchConversion.BatchRunSummaryGeneratorTests.STS_010_A1_AllSucceeded_DisplaysExplicitZeroFailedCount" computerName="task-execution-3fcf77b8-8a7d-4c84-9e43-63aa7adfbb6e" duration="00:00:00.0001124" startTime="2026-09-21T15:44:37.9124067+00:00" endTime="2026-09-21T15:44:37.9124068+00:00" testType="13cdc9d9-ddb5-4fa4-a97d-d965ccfc6d4b" outcome="Passed" testListId="8c84fa94-04c1-424b-9868-57a2d4851a1d" relativeResultsDirectory="ae5fe61d-11d4-4d97-82c9-f94b60298b7c" />
    <UnitTestResult executionId="7e920a70-2e55-4dff-bede-b71140f43f49" testId="4c0ca501-6ba6-3a1d-52e4-d514fc51f5f3" testName="TimezoneUtility.Unit.Services.BatchConversion.SuccessfulResultFormatterTests.STS_008_A1_Result_ContainsOriginalValuesAndConvertedFields" computerName="task-execution-3fcf77b8-8a7d-4c84-9e43-63aa7adfbb6e" duration="00:00:00.0004350" startTime="2026-09-21T15:44:37.9159011+00:00" endTime="2026-09-21T15:44:37.9159011+00:00" testType="13cdc9d9-ddb5-4fa4-a97d-d965ccfc6d4b" outcome="Passed" testListId="8c84fa94-04c1-424b-9868-57a2d4851a1d" relativeResultsDirectory="7e920a70-2e55-4dff-bede-b71140f43f49" />
    <UnitTestResult executionId="9ea58200-8c6c-496f-bbe4-600a1f1751e5" testId="04eb507c-64e8-cf7d-dc9b-f284ecc712ca" testName="TimezoneUtility.Unit.Services.BatchConversion.TimeServiceDstBoundaryTests.STS_005_B2_FallBackRepeatedHour_ResolvesToExactlyOneConvertedResult_AccurateToTheMinute" computerName="task-execution-3fcf77b8-8a7d-4c84-9e43-63aa7adfbb6e" duration="00:00:00.0620314" startTime="2026-09-21T15:44:37.9159272+00:00" endTime="2026-09-21T15:44:37.9159272+00:00" testType="13cdc9d9-ddb5-4fa4-a97d-d965ccfc6d4b" outcome="Passed" testListId="8c84fa94-04c1-424b-9868-57a2d4851a1d" relativeResultsDirectory="9ea58200-8c6c-496f-bbe4-600a1f1751e5" />
    <UnitTestResult executionId="7be9dcb0-55d6-476a-8383-e9948e0b08ee" testId="1bec9231-2a12-05fc-5504-7c0771163230" testName="TimezoneUtility.Unit.Services.BatchConversion.BatchRowValidatorTests.REQ_015_MissingTimestamp_FailsIdentifyingTheField" computerName="task-execution-3fcf77b8-8a7d-4c84-9e43-63aa7adfbb6e" duration="00:00:00.0209998" startTime="2026-09-21T15:44:37.9109501+00:00" endTime="2026-09-21T15:44:37.9109502+00:00" testType="13cdc9d9-ddb5-4fa4-a97d-d965ccfc6d4b" outcome="Passed" testListId="8c84fa94-04c1-424b-9868-57a2d4851a1d" relativeResultsDirectory="7be9dcb0-55d6-476a-8383-e9948e0b08ee" />
    <UnitTestResult executionId="d92bc5c7-9c10-4143-aabb-0b8270594aba" testId="5e22a062-b6d4-c754-b6ca-a20d82b93d1f" testName="TimezoneUtility.Unit.Services.BatchConversion.CsvBatchReaderTests.REQ_028_EntirelyBlankRow_IsSkipped_NotCountedAsARow" computerName="task-execution-3fcf77b8-8a7d-4c84-9e43-63aa7adfbb6e" duration="00:00:00.0180736" startTime="2026-09-21T15:44:37.9107929+00:00" endTime="2026-09-21T15:44:37.9107929+00:00" testType="13cdc9d9-ddb5-4fa4-a97d-d965ccfc6d4b" outcome="Passed" testListId="8c84fa94-04c1-424b-9868-57a2d4851a1d" relativeResultsDirectory="d92bc5c7-9c10-4143-aabb-0b8270594aba" />
    <UnitTestResult executionId="f045294d-b54a-49ed-9af6-c34bdb5d5edc" testId="38a4e1c3-545a-b8e7-5676-0246d03ed1ae" testName="TimezoneUtility.Unit.Services.BatchConversion.ModelInvariantTests.REQ_007_RowConversionResult_ConvertedLocalDateTime_IsDerivedFromInstantAndZone" computerName="task-execution-3fcf77b8-8a7d-4c84-9e43-63aa7adfbb6e" duration="00:00:00.0001121" startTime="2026-09-21T15:44:37.9159644+00:00" endTime="2026-09-21T15:44:37.9159645+00:00" testType="13cdc9d9-ddb5-4fa4-a97d-d965ccfc6d4b" outcome="Passed" testListId="8c84fa94-04c1-424b-9868-57a2d4851a1d" relativeResultsDirectory="f045294d-b54a-49ed-9af6-c34bdb5d5edc" />
    <UnitTestResult executionId="cddd6b4e-1369-46aa-a256-bc81f734a3ab" testId="78bb1764-1171-c70a-f37c-34cd7f4d617e" testName="TimezoneUtility.Unit.Services.BatchConversion.BatchRowProcessorTests.REQ_006_REQ_011_REQ_NF_001_MixedBatch_4Valid16Invalid_AllValidRowsSucceed" computerName="task-execution-3fcf77b8-8a7d-4c84-9e43-63aa7adfbb6e" duration="00:00:00.0588386" startTime="2026-09-21T15:44:37.9379358+00:00" endTime="2026-09-21T15:44:37.9379359+00:00" testType="13cdc9d9-ddb5-4fa4-a97d-d965ccfc6d4b" outcome="Passed" testListId="8c84fa94-04c1-424b-9868-57a2d4851a1d" relativeResultsDirectory="cddd6b4e-1369-46aa-a256-bc81f734a3ab" />
    <UnitTestResult executionId="b039cad3-bda4-4bad-967f-c326b182778f" testId="18586f6c-2afe-ff3c-66e7-90f9959da161" testName="TimezoneUtility.Unit.Services.BatchConversion.BatchRowProcessorTests.STS_006_A1_ConversionThrows_RowIsRoutedToInvalid_OtherRowsUnaffected" computerName="task-execution-3fcf77b8-8a7d-4c84-9e43-63aa7adfbb6e" duration="00:00:00.0019312" startTime="2026-09-21T15:44:37.9132937+00:00" endTime="2026-09-21T15:44:37.9132937+00:00" testType="13cdc9d9-ddb5-4fa4-a97d-d965ccfc6d4b" outcome="Passed" testListId="8c84fa94-04c1-424b-9868-57a2d4851a1d" relativeResultsDirectory="b039cad3-bda4-4bad-967f-c326b182778f" />
    <UnitTestResult executionId="39097007-0262-482e-a2a2-972fb5d41c8e" testId="409fbf05-d24b-0c66-a9a6-ec6a1224e173" testName="TimezoneUtility.Unit.Services.BatchConversion.CsvBatchReaderTests.STS_002_A2_UnresolvableHeader_ReturnsFileLevelError_NoRowsProcessed" computerName="task-execution-3fcf77b8-8a7d-4c84-9e43-63aa7adfbb6e" duration="00:00:00.0023167" startTime="2026-09-21T15:44:37.9133187+00:00" endTime="2026-09-21T15:44:37.9133187+00:00" testType="13cdc9d9-ddb5-4fa4-a97d-d965ccfc6d4b" outcome="Passed" testListId="8c84fa94-04c1-424b-9868-57a2d4851a1d" relativeResultsDirectory="39097007-0262-482e-a2a2-972fb5d41c8e" />
    <UnitTestResult executionId="1286b372-b4e3-465f-8a73-de76b1abbf1e" testId="98a3504b-f8fc-4049-9cd2-50f44dfbb96e" testName="TimezoneUtility.Unit.Services.BatchConversion.BatchRowValidatorTests.REQ_010_UnrecognizedTargetTimezone_Fails" computerName="task-execution-3fcf77b8-8a7d-4c84-9e43-63aa7adfbb6e" duration="00:00:00.0000935" startTime="2026-09-21T15:44:37.9148283+00:00" endTime="2026-09-21T15:44:37.9148284+00:00" testType="13cdc9d9-ddb5-4fa4-a97d-d965ccfc6d4b" outcome="Passed" testListId="8c84fa94-04c1-424b-9868-57a2d4851a1d" relativeResultsDirectory="1286b372-b4e3-465f-8a73-de76b1abbf1e" />
    <UnitTestResult executionId="7704d76d-610a-4f30-8e36-49f720e9d918" testId="6f5cb38b-13e3-c68b-b64b-f35b94349464" testName="TimezoneUtility.Unit.Services.BatchConversion.BatchRowValidatorTests.STS_003_B1_FullyValidRow_Passes" computerName="task-execution-3fcf77b8-8a7d-4c84-9e43-63aa7adfbb6e" duration="00:00:00.0161023" startTime="2026-09-21T15:44:37.9147876+00:00" endTime="2026-09-21T15:44:37.9147877+00:00" testType="13cdc9d9-ddb5-4fa4-a97d-d965ccfc6d4b" outcome="Passed" testListId="8c84fa94-04c1-424b-9868-57a2d4851a1d" relativeResultsDirectory="7704d76d-610a-4f30-8e36-49f720e9d918" />
    <UnitTestResult executionId="25ce42c2-27d0-4215-b0e7-eaa666f42d00" testId="f85473f4-32db-17c3-0b9d-bf4772f61fa3" testName="TimezoneUtility.Unit.Services.BatchConversion.ModelInvariantTests.REQ_021_REQ_022_BatchRunSummary_TotalRowsEqualsSucceededPlusFailed(succeeded: 0, failed: 0)" computerName="task-execution-3fcf77b8-8a7d-4c84-9e43-63aa7adfbb6e" duration="00:00:00.0002603" startTime="2026-09-21T15:44:37.9133601+00:00" endTime="2026-09-21T15:44:37.9133602+00:00" testType="13cdc9d9-ddb5-4fa4-a97d-d965ccfc6d4b" outcome="Passed" testListId="8c84fa94-04c1-424b-9868-57a2d4851a1d" relativeResultsDirectory="25ce42c2-27d0-4215-b0e7-eaa666f42d00" />
    <UnitTestResult executionId="ce8de7ff-f2f4-444f-b3b7-9874a1fcef6b" testId="348348fe-7f48-658d-3153-bda8e906b95e" testName="TimezoneUtility.Unit.Services.BatchConversion.SuccessfulResultFormatterTests.STS_005_A2_SameTimezone_NoOp_ProducesUnchangedTimestamp" computerName="task-execution-3fcf77b8-8a7d-4c84-9e43-63aa7adfbb6e" duration="00:00:00.0001064" startTime="2026-09-21T15:44:37.9159180+00:00" endTime="2026-09-21T15:44:37.9159180+00:00" testType="13cdc9d9-ddb5-4fa4-a97d-d965ccfc6d4b" outcome="Passed" testListId="8c84fa94-04c1-424b-9868-57a2d4851a1d" relativeResultsDirectory="ce8de7ff-f2f4-444f-b3b7-9874a1fcef6b" />
  </Results>
  <TestDefinitions>
    <UnitTest name="TimezoneUtility.Unit.Services.BatchConversion.SuccessfulResultFormatterTests.STS_008_A1_Result_ContainsOriginalValuesAndConvertedFields" storage="/workdir/repositories/spec-kit-dotnet-cli-demo/tests/timezoneutility.unit/bin/debug/net8.0/timezoneutility.unit.dll" id="4c0ca501-6ba6-3a1d-52e4-d514fc51f5f3">
      <Execution id="7e920a70-2e55-4dff-bede-b71140f43f49" />
      <TestMethod codeBase="/workdir/repositories/spec-kit-dotnet-cli-demo/tests/TimezoneUtility.Unit/bin/Debug/net8.0/TimezoneUtility.Unit.dll" adapterTypeName="executor://xunit/VsTestRunner2/netcoreapp" className="TimezoneUtility.Unit.Services.BatchConversion.SuccessfulResultFormatterTests" name="STS_008_A1_Result_ContainsOriginalValuesAndConvertedFields" />
    </UnitTest>
    <UnitTest name="TimezoneUtility.Unit.Services.BatchConversion.BatchRowProcessorTests.STS_006_A1_ConversionThrows_RowIsRoutedToInvalid_OtherRowsUnaffected" storage="/workdir/repositories/spec-kit-dotnet-cli-demo/tests/timezoneutility.unit/bin/debug/net8.0/timezoneutility.unit.dll" id="18586f6c-2afe-ff3c-66e7-90f9959da161">
      <Execution id="b039cad3-bda4-4bad-967f-c326b182778f" />
      <TestMethod codeBase="/workdir/repositories/spec-kit-dotnet-cli-demo/tests/TimezoneUtility.Unit/bin/Debug/net8.0/TimezoneUtility.Unit.dll" adapterTypeName="executor://xunit/VsTestRunner2/netcoreapp" className="TimezoneUtility.Unit.Services.BatchConversion.BatchRowProcessorTests" name="STS_006_A1_ConversionThrows_RowIsRoutedToInvalid_OtherRowsUnaffected" />
    </UnitTest>
    <UnitTest name="TimezoneUtility.Unit.Services.BatchConversion.BatchRowValidatorTests.STS_003_A2_UnrecognizedSourceTimezone_FailsWithFieldSpecificReason" storage="/workdir/repositories/spec-kit-dotnet-cli-demo/tests/timezoneutility.unit/bin/debug/net8.0/timezoneutility.unit.dll" id="d3d9ce95-4943-1d77-b14a-2d1ad4a1e9d3">
      <Execution id="bd007826-2071-4429-8a19-f9417fc5d150" />
      <TestMethod codeBase="/workdir/repositories/spec-kit-dotnet-cli-demo/tests/TimezoneUtility.Unit/bin/Debug/net8.0/TimezoneUtility.Unit.dll" adapterTypeName="executor://xunit/VsTestRunner2/netcoreapp" className="TimezoneUtility.Unit.Services.BatchConversion.BatchRowValidatorTests" name="STS_003_A2_UnrecognizedSourceTimezone_FailsWithFieldSpecificReason" />
    </UnitTest>
    <UnitTest name="TimezoneUtility.Unit.Services.BatchConversion.BatchRunSummaryGeneratorTests.REQ_NF_003_TwoCountsAloneClassifyTheRun(succeeded: 5, failed: 0)" storage="/workdir/repositories/spec-kit-dotnet-cli-demo/tests/timezoneutility.unit/bin/debug/net8.0/timezoneutility.unit.dll" id="b6072c66-7ade-8f42-cb4c-1cf0aa26b76f">
      <Execution id="ebec2b8c-1b44-44a5-b7e8-57b70c6614ad" />
      <TestMethod codeBase="/workdir/repositories/spec-kit-dotnet-cli-demo/tests/TimezoneUtility.Unit/bin/Debug/net8.0/TimezoneUtility.Unit.dll" adapterTypeName="executor://xunit/VsTestRunner2/netcoreapp" className="TimezoneUtility.Unit.Services.BatchConversion.BatchRunSummaryGeneratorTests" name="REQ_NF_003_TwoCountsAloneClassifyTheRun" />
    </UnitTest>
    <UnitTest name="TimezoneUtility.Unit.Services.BatchConversion.BatchRunSummaryGeneratorTests.STS_010_A1_AllSucceeded_DisplaysExplicitZeroFailedCount" storage="/workdir/repositories/spec-kit-dotnet-cli-demo/tests/timezoneutility.unit/bin/debug/net8.0/timezoneutility.unit.dll" id="be01a04f-f400-1ffa-befb-babada64c76a">
      <Execution id="ae5fe61d-11d4-4d97-82c9-f94b60298b7c" />
      <TestMethod codeBase="/workdir/repositories/spec-kit-dotnet-cli-demo/tests/TimezoneUtility.Unit/bin/Debug/net8.0/TimezoneUtility.Unit.dll" adapterTypeName="executor://xunit/VsTestRunner2/netcoreapp" className="TimezoneUtility.Unit.Services.BatchConversion.BatchRunSummaryGeneratorTests" name="STS_010_A1_AllSucceeded_DisplaysExplicitZeroFailedCount" />
    </UnitTest>
    <UnitTest name="TimezoneUtility.Unit.Services.BatchConversion.InvalidRowReporterTests.REQ_014_UnrecognizedTimezoneReason_ContainsTheOffendingValue" storage="/workdir/repositories/spec-kit-dotnet-cli-demo/tests/timezoneutility.unit/bin/debug/net8.0/timezoneutility.unit.dll" id="d2124d37-75ab-e29b-2b5a-f11cb544fe36">
      <Execution id="7426b2fb-22ff-4822-9014-6d6a9653d43e" />
      <TestMethod codeBase="/workdir/repositories/spec-kit-dotnet-cli-demo/tests/TimezoneUtility.Unit/bin/Debug/net8.0/TimezoneUtility.Unit.dll" adapterTypeName="executor://xunit/VsTestRunner2/netcoreapp" className="TimezoneUtility.Unit.Services.BatchConversion.InvalidRowReporterTests" name="REQ_014_UnrecognizedTimezoneReason_ContainsTheOffendingValue" />
    </UnitTest>
    <UnitTest name="TimezoneUtility.Unit.Services.BatchConversion.BatchRowValidatorTests.STS_003_B1_FullyValidRow_Passes" storage="/workdir/repositories/spec-kit-dotnet-cli-demo/tests/timezoneutility.unit/bin/debug/net8.0/timezoneutility.unit.dll" id="6f5cb38b-13e3-c68b-b64b-f35b94349464">
      <Execution id="7704d76d-610a-4f30-8e36-49f720e9d918" />
      <TestMethod codeBase="/workdir/repositories/spec-kit-dotnet-cli-demo/tests/TimezoneUtility.Unit/bin/Debug/net8.0/TimezoneUtility.Unit.dll" adapterTypeName="executor://xunit/VsTestRunner2/netcoreapp" className="TimezoneUtility.Unit.Services.BatchConversion.BatchRowValidatorTests" name="STS_003_B1_FullyValidRow_Passes" />
    </UnitTest>
    <UnitTest name="TimezoneUtility.Unit.Services.BatchConversion.BatchRowValidatorTests.STS_003_B2_ValidIanaIdentifiers_AreRecognized" storage="/workdir/repositories/spec-kit-dotnet-cli-demo/tests/timezoneutility.unit/bin/debug/net8.0/timezoneutility.unit.dll" id="eb8b225e-7334-7fe1-ba56-323c801bdb86">
      <Execution id="97c1c47e-7c0c-49d5-a4f2-b86fcb53e0d0" />
      <TestMethod codeBase="/workdir/repositories/spec-kit-dotnet-cli-demo/tests/TimezoneUtility.Unit/bin/Debug/net8.0/TimezoneUtility.Unit.dll" adapterTypeName="executor://xunit/VsTestRunner2/netcoreapp" className="TimezoneUtility.Unit.Services.BatchConversion.BatchRowValidatorTests" name="STS_003_B2_ValidIanaIdentifiers_AreRecognized" />
    </UnitTest>
    <UnitTest name="TimezoneUtility.Unit.Services.BatchConversion.ModelInvariantTests.InvalidRowRecord_HoldsRowNumberAndReason" storage="/workdir/repositories/spec-kit-dotnet-cli-demo/tests/timezoneutility.unit/bin/debug/net8.0/timezoneutility.unit.dll" id="4b3c16ad-a3f4-f111-8906-2902a5294319">
      <Execution id="7dc67473-2ff2-4a89-b601-5becb823d54d" />
      <TestMethod codeBase="/workdir/repositories/spec-kit-dotnet-cli-demo/tests/TimezoneUtility.Unit/bin/Debug/net8.0/TimezoneUtility.Unit.dll" adapterTypeName="executor://xunit/VsTestRunner2/netcoreapp" className="TimezoneUtility.Unit.Services.BatchConversion.ModelInvariantTests" name="InvalidRowRecord_HoldsRowNumberAndReason" />
    </UnitTest>
    <UnitTest name="TimezoneUtility.Unit.Services.BatchConversion.CsvBatchReaderTests.REQ_028_EntirelyBlankRow_IsSkipped_NotCountedAsARow" storage="/workdir/repositories/spec-kit-dotnet-cli-demo/tests/timezoneutility.unit/bin/debug/net8.0/timezoneutility.unit.dll" id="5e22a062-b6d4-c754-b6ca-a20d82b93d1f">
      <Execution id="d92bc5c7-9c10-4143-aabb-0b8270594aba" />
      <TestMethod codeBase="/workdir/repositories/spec-kit-dotnet-cli-demo/tests/TimezoneUtility.Unit/bin/Debug/net8.0/TimezoneUtility.Unit.dll" adapterTypeName="executor://xunit/VsTestRunner2/netcoreapp" className="TimezoneUtility.Unit.Services.BatchConversion.CsvBatchReaderTests" name="REQ_028_EntirelyBlankRow_IsSkipped_NotCountedAsARow" />
    </UnitTest>
    <UnitTest name="TimezoneUtility.Unit.Services.BatchConversion.BatchRowValidatorTests.REQ_015_MissingTargetTimezone_FailsIdentifyingTheField" storage="/workdir/repositories/spec-kit-dotnet-cli-demo/tests/timezoneutility.unit/bin/debug/net8.0/timezoneutility.unit.dll" id="53e99a33-480c-d0df-be01-610388c4f4da">
      <Execution id="8cf8cebe-dc4a-4311-aba8-d5964fba9ebc" />
      <TestMethod codeBase="/workdir/repositories/spec-kit-dotnet-cli-demo/tests/TimezoneUtility.Unit/bin/Debug/net8.0/TimezoneUtility.Unit.dll" adapterTypeName="executor://xunit/VsTestRunner2/netcoreapp" className="TimezoneUtility.Unit.Services.BatchConversion.BatchRowValidatorTests" name="REQ_015_MissingTargetTimezone_FailsIdentifyingTheField" />
    </UnitTest>
    <UnitTest name="TimezoneUtility.Unit.Services.BatchConversion.ModelInvariantTests.REQ_025_RowConversionResult_ConvertedLocalDateTime_ReflectsDateBoundaryCrossing" storage="/workdir/repositories/spec-kit-dotnet-cli-demo/tests/timezoneutility.unit/bin/debug/net8.0/timezoneutility.unit.dll" id="88a5291a-312f-e746-e51b-974e8f15ab62">
      <Execution id="9bb5034c-1478-490d-89d8-f43898407aca" />
      <TestMethod codeBase="/workdir/repositories/spec-kit-dotnet-cli-demo/tests/TimezoneUtility.Unit/bin/Debug/net8.0/TimezoneUtility.Unit.dll" adapterTypeName="executor://xunit/VsTestRunner2/netcoreapp" className="TimezoneUtility.Unit.Services.BatchConversion.ModelInvariantTests" name="REQ_025_RowConversionResult_ConvertedLocalDateTime_ReflectsDateBoundaryCrossing" />
    </UnitTest>
    <UnitTest name="TimezoneUtility.Unit.Services.BatchConversion.ModelInvariantTests.REQ_021_REQ_022_BatchRunSummary_TotalRowsEqualsSucceededPlusFailed(succeeded: 5, failed: 0)" storage="/workdir/repositories/spec-kit-dotnet-cli-demo/tests/timezoneutility.unit/bin/debug/net8.0/timezoneutility.unit.dll" id="e2aeeef7-e2af-c84f-1c7a-d5b7cd4c476b">
      <Execution id="9215ea34-07b1-474e-98d1-531cff2a648f" />
      <TestMethod codeBase="/workdir/repositories/spec-kit-dotnet-cli-demo/tests/TimezoneUtility.Unit/bin/Debug/net8.0/TimezoneUtility.Unit.dll" adapterTypeName="executor://xunit/VsTestRunner2/netcoreapp" className="TimezoneUtility.Unit.Services.BatchConversion.ModelInvariantTests" name="REQ_021_REQ_022_BatchRunSummary_TotalRowsEqualsSucceededPlusFailed" />
    </UnitTest>
    <UnitTest name="TimezoneUtility.Unit.Services.BatchConversion.BatchTimestampInterpreterTests.STS_004_B1_ExplicitOffset_TakesPrecedenceOverSourceTimezone" storage="/workdir/repositories/spec-kit-dotnet-cli-demo/tests/timezoneutility.unit/bin/debug/net8.0/timezoneutility.unit.dll" id="1f0b74d8-1cd5-585a-1584-08e9626d2fb2">
      <Execution id="1d1316bb-dac3-437f-b961-99d7f495b019" />
      <TestMethod codeBase="/workdir/repositories/spec-kit-dotnet-cli-demo/tests/TimezoneUtility.Unit/bin/Debug/net8.0/TimezoneUtility.Unit.dll" adapterTypeName="executor://xunit/VsTestRunner2/netcoreapp" className="TimezoneUtility.Unit.Services.BatchConversion.BatchTimestampInterpreterTests" name="STS_004_B1_ExplicitOffset_TakesPrecedenceOverSourceTimezone" />
    </UnitTest>
    <UnitTest name="TimezoneUtility.Unit.Services.BatchConversion.BatchRowValidatorTests.REQ_015_MissingSourceTimezone_FailsIdentifyingTheField" storage="/workdir/repositories/spec-kit-dotnet-cli-demo/tests/timezoneutility.unit/bin/debug/net8.0/timezoneutility.unit.dll" id="8670df7a-26bc-5c4d-bddc-8c62d4e2c469">
      <Execution id="3697434f-2d90-4021-be44-99fbcd2ffd64" />
      <TestMethod codeBase="/workdir/repositories/spec-kit-dotnet-cli-demo/tests/TimezoneUtility.Unit/bin/Debug/net8.0/TimezoneUtility.Unit.dll" adapterTypeName="executor://xunit/VsTestRunner2/netcoreapp" className="TimezoneUtility.Unit.Services.BatchConversion.BatchRowValidatorTests" name="REQ_015_MissingSourceTimezone_FailsIdentifyingTheField" />
    </UnitTest>
    <UnitTest name="TimezoneUtility.Unit.Services.BatchConversion.BatchRunSummaryGeneratorTests.REQ_NF_003_TwoCountsAloneClassifyTheRun(succeeded: 3, failed: 2)" storage="/workdir/repositories/spec-kit-dotnet-cli-demo/tests/timezoneutility.unit/bin/debug/net8.0/timezoneutility.unit.dll" id="ac54ae97-bf03-9e52-b034-ed50f91fe0e4">
      <Execution id="a84e2d3a-95c4-4b7f-a1fe-d9475fd513d5" />
      <TestMethod codeBase="/workdir/repositories/spec-kit-dotnet-cli-demo/tests/TimezoneUtility.Unit/bin/Debug/net8.0/TimezoneUtility.Unit.dll" adapterTypeName="executor://xunit/VsTestRunner2/netcoreapp" className="TimezoneUtility.Unit.Services.BatchConversion.BatchRunSummaryGeneratorTests" name="REQ_NF_003_TwoCountsAloneClassifyTheRun" />
    </UnitTest>
    <UnitTest name="TimezoneUtility.Unit.Services.BatchConversion.BatchRunSummaryGeneratorTests.STS_010_B1_IncompleteFailedRowCount_SummaryReflectsIncompleteCountNotTrueCount" storage="/workdir/repositories/spec-kit-dotnet-cli-demo/tests/timezoneutility.unit/bin/debug/net8.0/timezoneutility.unit.dll" id="fabd92b0-32fe-15aa-b3df-ab25f3eaab54">
      <Execution id="f7fbd86c-62b0-4870-82d9-a7cdea2914bc" />
      <TestMethod codeBase="/workdir/repositories/spec-kit-dotnet-cli-demo/tests/TimezoneUtility.Unit/bin/Debug/net8.0/TimezoneUtility.Unit.dll" adapterTypeName="executor://xunit/VsTestRunner2/netcoreapp" className="TimezoneUtility.Unit.Services.BatchConversion.BatchRunSummaryGeneratorTests" name="STS_010_B1_IncompleteFailedRowCount_SummaryReflectsIncompleteCountNotTrueCount" />
    </UnitTest>
    <UnitTest name="TimezoneUtility.Unit.Services.BatchConversion.BatchRunSummaryGeneratorTests.AllFailed_SucceededCountIsZero" storage="/workdir/repositories/spec-kit-dotnet-cli-demo/tests/timezoneutility.unit/bin/debug/net8.0/timezoneutility.unit.dll" id="14daf099-5f87-4cd5-aeba-47e8a461558e">
      <Execution id="c1be9034-17db-4e30-affb-989938b90093" />
      <TestMethod codeBase="/workdir/repositories/spec-kit-dotnet-cli-demo/tests/TimezoneUtility.Unit/bin/Debug/net8.0/TimezoneUtility.Unit.dll" adapterTypeName="executor://xunit/VsTestRunner2/netcoreapp" className="TimezoneUtility.Unit.Services.BatchConversion.BatchRunSummaryGeneratorTests" name="AllFailed_SucceededCountIsZero" />
    </UnitTest>
    <UnitTest name="TimezoneUtility.Unit.Services.BatchConversion.BatchRowValidatorTests.REQ_010_UnrecognizedTargetTimezone_Fails" storage="/workdir/repositories/spec-kit-dotnet-cli-demo/tests/timezoneutility.unit/bin/debug/net8.0/timezoneutility.unit.dll" id="98a3504b-f8fc-4049-9cd2-50f44dfbb96e">
      <Execution id="1286b372-b4e3-465f-8a73-de76b1abbf1e" />
      <TestMethod codeBase="/workdir/repositories/spec-kit-dotnet-cli-demo/tests/TimezoneUtility.Unit/bin/Debug/net8.0/TimezoneUtility.Unit.dll" adapterTypeName="executor://xunit/VsTestRunner2/netcoreapp" className="TimezoneUtility.Unit.Services.BatchConversion.BatchRowValidatorTests" name="REQ_010_UnrecognizedTargetTimezone_Fails" />
    </UnitTest>
    <UnitTest name="TimezoneUtility.Unit.Services.BatchConversion.BatchRowProcessorTests.STS_005_C1_UnderlyingConversionEngineThrows_RowIsIsolatedAsFailure" storage="/workdir/repositories/spec-kit-dotnet-cli-demo/tests/timezoneutility.unit/bin/debug/net8.0/timezoneutility.unit.dll" id="f5a456b5-25ea-feb9-8970-06fd2387655d">
      <Execution id="cc4d547f-e984-44ad-b27f-2bc085c17f35" />
      <TestMethod codeBase="/workdir/repositories/spec-kit-dotnet-cli-demo/tests/TimezoneUtility.Unit/bin/Debug/net8.0/TimezoneUtility.Unit.dll" adapterTypeName="executor://xunit/VsTestRunner2/netcoreapp" className="TimezoneUtility.Unit.Services.BatchConversion.BatchRowProcessorTests" name="STS_005_C1_UnderlyingConversionEngineThrows_RowIsIsolatedAsFailure" />
    </UnitTest>
    <UnitTest name="TimezoneUtility.Unit.Services.BatchConversion.BatchRunSummaryGeneratorTests.STS_011_B1_HeaderOnlyFile_NoRowsProcessed_TrueAndCountsZero" storage="/workdir/repositories/spec-kit-dotnet-cli-demo/tests/timezoneutility.unit/bin/debug/net8.0/timezoneutility.unit.dll" id="44f1d2e4-a7fb-88e1-a04f-6ffdbae72b2b">
      <Execution id="84b2d55d-c715-491c-ab49-58b5f83030f7" />
      <TestMethod codeBase="/workdir/repositories/spec-kit-dotnet-cli-demo/tests/TimezoneUtility.Unit/bin/Debug/net8.0/TimezoneUtility.Unit.dll" adapterTypeName="executor://xunit/VsTestRunner2/netcoreapp" className="TimezoneUtility.Unit.Services.BatchConversion.BatchRunSummaryGeneratorTests" name="STS_011_B1_HeaderOnlyFile_NoRowsProcessed_TrueAndCountsZero" />
    </UnitTest>
    <UnitTest name="TimezoneUtility.Unit.Services.BatchConversion.CsvBatchReaderTests.STS_002_A1_HeaderColumnsResolvedByName_OrderIndependent_ExtraColumnIgnored" storage="/workdir/repositories/spec-kit-dotnet-cli-demo/tests/timezoneutility.unit/bin/debug/net8.0/timezoneutility.unit.dll" id="34a2213c-5695-aff4-938b-a6a56464b6b6">
      <Execution id="b39409db-7fa6-413c-88d0-e072a5218e47" />
      <TestMethod codeBase="/workdir/repositories/spec-kit-dotnet-cli-demo/tests/TimezoneUtility.Unit/bin/Debug/net8.0/TimezoneUtility.Unit.dll" adapterTypeName="executor://xunit/VsTestRunner2/netcoreapp" className="TimezoneUtility.Unit.Services.BatchConversion.CsvBatchReaderTests" name="STS_002_A1_HeaderColumnsResolvedByName_OrderIndependent_ExtraColumnIgnored" />
    </UnitTest>
    <UnitTest name="TimezoneUtility.Unit.Services.BatchConversion.BatchRowProcessorTests.REQ_006_REQ_011_REQ_NF_001_MixedBatch_4Valid16Invalid_AllValidRowsSucceed" storage="/workdir/repositories/spec-kit-dotnet-cli-demo/tests/timezoneutility.unit/bin/debug/net8.0/timezoneutility.unit.dll" id="78bb1764-1171-c70a-f37c-34cd7f4d617e">
      <Execution id="cddd6b4e-1369-46aa-a256-bc81f734a3ab" />
      <TestMethod codeBase="/workdir/repositories/spec-kit-dotnet-cli-demo/tests/TimezoneUtility.Unit/bin/Debug/net8.0/TimezoneUtility.Unit.dll" adapterTypeName="executor://xunit/VsTestRunner2/netcoreapp" className="TimezoneUtility.Unit.Services.BatchConversion.BatchRowProcessorTests" name="REQ_006_REQ_011_REQ_NF_001_MixedBatch_4Valid16Invalid_AllValidRowsSucceed" />
    </UnitTest>
    <UnitTest name="TimezoneUtility.Unit.Services.BatchConversion.ModelInvariantTests.REQ_021_REQ_022_BatchRunSummary_TotalRowsEqualsSucceededPlusFailed(succeeded: 3, failed: 2)" storage="/workdir/repositories/spec-kit-dotnet-cli-demo/tests/timezoneutility.unit/bin/debug/net8.0/timezoneutility.unit.dll" id="b68b38b1-b6fc-86c2-8b25-e7917129b700">
      <Execution id="6900ea8d-20c3-41e1-a8cb-a9a8d69611cc" />
      <TestMethod codeBase="/workdir/repositories/spec-kit-dotnet-cli-demo/tests/TimezoneUtility.Unit/bin/Debug/net8.0/TimezoneUtility.Unit.dll" adapterTypeName="executor://xunit/VsTestRunner2/netcoreapp" className="TimezoneUtility.Unit.Services.BatchConversion.ModelInvariantTests" name="REQ_021_REQ_022_BatchRunSummary_TotalRowsEqualsSucceededPlusFailed" />
    </UnitTest>
    <UnitTest name="TimezoneUtility.Unit.Services.BatchConversion.CsvBatchReaderTests.STS_001_A1_MissingFile_ReturnsFileLevelError" storage="/workdir/repositories/spec-kit-dotnet-cli-demo/tests/timezoneutility.unit/bin/debug/net8.0/timezoneutility.unit.dll" id="1aa0b625-6feb-64af-7249-819ed02f607e">
      <Execution id="20921cc3-2cb4-4ab3-8430-3ef725e87795" />
      <TestMethod codeBase="/workdir/repositories/spec-kit-dotnet-cli-demo/tests/TimezoneUtility.Unit/bin/Debug/net8.0/TimezoneUtility.Unit.dll" adapterTypeName="executor://xunit/VsTestRunner2/netcoreapp" className="TimezoneUtility.Unit.Services.BatchConversion.CsvBatchReaderTests" name="STS_001_A1_MissingFile_ReturnsFileLevelError" />
    </UnitTest>
    <UnitTest name="TimezoneUtility.Unit.Services.BatchConversion.BatchOutputWriterTests.STS_009_A1_TwoOutputArtifacts_ContainExactlyTheirOwnRecordsWithNoIntermixing" storage="/workdir/repositories/spec-kit-dotnet-cli-demo/tests/timezoneutility.unit/bin/debug/net8.0/timezoneutility.unit.dll" id="ac05867c-fd10-b86b-27d9-3f814aa8d84c">
      <Execution id="075f0f40-9e05-4e62-b30f-99c50b0a4d04" />
      <TestMethod codeBase="/workdir/repositories/spec-kit-dotnet-cli-demo/tests/TimezoneUtility.Unit/bin/Debug/net8.0/TimezoneUtility.Unit.dll" adapterTypeName="executor://xunit/VsTestRunner2/netcoreapp" className="TimezoneUtility.Unit.Services.BatchConversion.BatchOutputWriterTests" name="STS_009_A1_TwoOutputArtifacts_ContainExactlyTheirOwnRecordsWithNoIntermixing" />
    </UnitTest>
    <UnitTest name="TimezoneUtility.Unit.Services.BatchConversion.InvalidRowReporterTests.STS_007_B1_50Of200Rows_EachProducesDistinctEntry_ZeroOmitted" storage="/workdir/repositories/spec-kit-dotnet-cli-demo/tests/timezoneutility.unit/bin/debug/net8.0/timezoneutility.unit.dll" id="5fa40a7e-9df8-eab4-f91e-70b910b3b2dc">
      <Execution id="671bac26-ea62-4645-ade3-114c31a9183f" />
      <TestMethod codeBase="/workdir/repositories/spec-kit-dotnet-cli-demo/tests/TimezoneUtility.Unit/bin/Debug/net8.0/TimezoneUtility.Unit.dll" adapterTypeName="executor://xunit/VsTestRunner2/netcoreapp" className="TimezoneUtility.Unit.Services.BatchConversion.InvalidRowReporterTests" name="STS_007_B1_50Of200Rows_EachProducesDistinctEntry_ZeroOmitted" />
    </UnitTest>
    <UnitTest name="TimezoneUtility.Unit.Services.BatchConversion.BatchRunSummaryGeneratorTests.STS_010_A2_PartiallySucceeded_BothCountsGreaterThanZero" storage="/workdir/repositories/spec-kit-dotnet-cli-demo/tests/timezoneutility.unit/bin/debug/net8.0/timezoneutility.unit.dll" id="aedc13a2-9e77-0b9b-4c2e-405495c5f686">
      <Execution id="6698ef1e-c2d8-4388-92cc-3572bef005b5" />
      <TestMethod codeBase="/workdir/repositories/spec-kit-dotnet-cli-demo/tests/TimezoneUtility.Unit/bin/Debug/net8.0/TimezoneUtility.Unit.dll" adapterTypeName="executor://xunit/VsTestRunner2/netcoreapp" className="TimezoneUtility.Unit.Services.BatchConversion.BatchRunSummaryGeneratorTests" name="STS_010_A2_PartiallySucceeded_BothCountsGreaterThanZero" />
    </UnitTest>
    <UnitTest name="TimezoneUtility.Unit.Services.BatchConversion.BatchTimestampInterpreterTests.UnparseableTimestamp_ReturnsFalse" storage="/workdir/repositories/spec-kit-dotnet-cli-demo/tests/timezoneutility.unit/bin/debug/net8.0/timezoneutility.unit.dll" id="78cedbc1-cd50-dd36-9de3-91336d00a456">
      <Execution id="6b35fe7e-cbfc-472e-9d45-ac08c264017f" />
      <TestMethod codeBase="/workdir/repositories/spec-kit-dotnet-cli-demo/tests/TimezoneUtility.Unit/bin/Debug/net8.0/TimezoneUtility.Unit.dll" adapterTypeName="executor://xunit/VsTestRunner2/netcoreapp" className="TimezoneUtility.Unit.Services.BatchConversion.BatchTimestampInterpreterTests" name="UnparseableTimestamp_ReturnsFalse" />
    </UnitTest>
    <UnitTest name="TimezoneUtility.Unit.Services.BatchConversion.BatchRunSummaryGeneratorTests.STS_010_B2_HeaderOnlyFile_ProducesNoRowsProcessedMessageNotZeroSummary" storage="/workdir/repositories/spec-kit-dotnet-cli-demo/tests/timezoneutility.unit/bin/debug/net8.0/timezoneutility.unit.dll" id="af6dcef6-602e-b5e0-5981-6902b39b2582">
      <Execution id="e65b8549-6386-40c2-8cba-29346f768b94" />
      <TestMethod codeBase="/workdir/repositories/spec-kit-dotnet-cli-demo/tests/TimezoneUtility.Unit/bin/Debug/net8.0/TimezoneUtility.Unit.dll" adapterTypeName="executor://xunit/VsTestRunner2/netcoreapp" className="TimezoneUtility.Unit.Services.BatchConversion.BatchRunSummaryGeneratorTests" name="STS_010_B2_HeaderOnlyFile_ProducesNoRowsProcessedMessageNotZeroSummary" />
    </UnitTest>
    <UnitTest name="TimezoneUtility.Unit.Services.BatchConversion.ModelInvariantTests.REQ_021_REQ_022_BatchRunSummary_TotalRowsEqualsSucceededPlusFailed(succeeded: 0, failed: 5)" storage="/workdir/repositories/spec-kit-dotnet-cli-demo/tests/timezoneutility.unit/bin/debug/net8.0/timezoneutility.unit.dll" id="7718f4bd-53a5-cc88-9306-04701a1d2164">
      <Execution id="503f62cd-ec31-4d68-bea0-2224969e7d3b" />
      <TestMethod codeBase="/workdir/repositories/spec-kit-dotnet-cli-demo/tests/TimezoneUtility.Unit/bin/Debug/net8.0/TimezoneUtility.Unit.dll" adapterTypeName="executor://xunit/VsTestRunner2/netcoreapp" className="TimezoneUtility.Unit.Services.BatchConversion.ModelInvariantTests" name="REQ_021_REQ_022_BatchRunSummary_TotalRowsEqualsSucceededPlusFailed" />
    </UnitTest>
    <UnitTest name="TimezoneUtility.Unit.Services.BatchConversion.SuccessfulResultFormatterTests.STS_005_A2_SameTimezone_NoOp_ProducesUnchangedTimestamp" storage="/workdir/repositories/spec-kit-dotnet-cli-demo/tests/timezoneutility.unit/bin/debug/net8.0/timezoneutility.unit.dll" id="348348fe-7f48-658d-3153-bda8e906b95e">
      <Execution id="ce8de7ff-f2f4-444f-b3b7-9874a1fcef6b" />
      <TestMethod codeBase="/workdir/repositories/spec-kit-dotnet-cli-demo/tests/TimezoneUtility.Unit/bin/Debug/net8.0/TimezoneUtility.Unit.dll" adapterTypeName="executor://xunit/VsTestRunner2/netcoreapp" className="TimezoneUtility.Unit.Services.BatchConversion.SuccessfulResultFormatterTests" name="STS_005_A2_SameTimezone_NoOp_ProducesUnchangedTimestamp" />
    </UnitTest>
    <UnitTest name="TimezoneUtility.Unit.Services.BatchConversion.CsvBatchReaderTests.STS_002_A2_UnresolvableHeader_ReturnsFileLevelError_NoRowsProcessed" storage="/workdir/repositories/spec-kit-dotnet-cli-demo/tests/timezoneutility.unit/bin/debug/net8.0/timezoneutility.unit.dll" id="409fbf05-d24b-0c66-a9a6-ec6a1224e173">
      <Execution id="39097007-0262-482e-a2a2-972fb5d41c8e" />
      <TestMethod codeBase="/workdir/repositories/spec-kit-dotnet-cli-demo/tests/TimezoneUtility.Unit/bin/Debug/net8.0/TimezoneUtility.Unit.dll" adapterTypeName="executor://xunit/VsTestRunner2/netcoreapp" className="TimezoneUtility.Unit.Services.BatchConversion.CsvBatchReaderTests" name="STS_002_A2_UnresolvableHeader_ReturnsFileLevelError_NoRowsProcessed" />
    </UnitTest>
    <UnitTest name="TimezoneUtility.Unit.Services.BatchConversion.BatchTimestampInterpreterTests.STS_004_A1_NoExplicitOffset_IsInterpretedAsLocalToSourceTimezone" storage="/workdir/repositories/spec-kit-dotnet-cli-demo/tests/timezoneutility.unit/bin/debug/net8.0/timezoneutility.unit.dll" id="7a1a073e-4b3f-161c-e806-029b4d3cba98">
      <Execution id="c81659e9-2b20-485e-a7ba-b1a0990e6966" />
      <TestMethod codeBase="/workdir/repositories/spec-kit-dotnet-cli-demo/tests/TimezoneUtility.Unit/bin/Debug/net8.0/TimezoneUtility.Unit.dll" adapterTypeName="executor://xunit/VsTestRunner2/netcoreapp" className="TimezoneUtility.Unit.Services.BatchConversion.BatchTimestampInterpreterTests" name="STS_004_A1_NoExplicitOffset_IsInterpretedAsLocalToSourceTimezone" />
    </UnitTest>
    <UnitTest name="TimezoneUtility.Unit.Services.BatchConversion.CsvBatchReaderTests.REQ_002_HeaderNames_AreCaseInsensitive" storage="/workdir/repositories/spec-kit-dotnet-cli-demo/tests/timezoneutility.unit/bin/debug/net8.0/timezoneutility.unit.dll" id="5709da7f-72bd-4b87-a958-445f17790649">
      <Execution id="13f84e14-97af-41b2-8e58-fa1566c3fe84" />
      <TestMethod codeBase="/workdir/repositories/spec-kit-dotnet-cli-demo/tests/TimezoneUtility.Unit/bin/Debug/net8.0/TimezoneUtility.Unit.dll" adapterTypeName="executor://xunit/VsTestRunner2/netcoreapp" className="TimezoneUtility.Unit.Services.BatchConversion.CsvBatchReaderTests" name="REQ_002_HeaderNames_AreCaseInsensitive" />
    </UnitTest>
    <UnitTest name="TimezoneUtility.Unit.Services.BatchConversion.SuccessfulResultFormatterTests.STS_005_A1_DateBoundaryCrossing_IsCapturedInConvertedResult" storage="/workdir/repositories/spec-kit-dotnet-cli-demo/tests/timezoneutility.unit/bin/debug/net8.0/timezoneutility.unit.dll" id="ca0a8b12-acc1-3fa8-b9b7-775027de81a0">
      <Execution id="bd54b017-2f08-4ce4-bbaf-9542b7e24bc3" />
      <TestMethod codeBase="/workdir/repositories/spec-kit-dotnet-cli-demo/tests/TimezoneUtility.Unit/bin/Debug/net8.0/TimezoneUtility.Unit.dll" adapterTypeName="executor://xunit/VsTestRunner2/netcoreapp" className="TimezoneUtility.Unit.Services.BatchConversion.SuccessfulResultFormatterTests" name="STS_005_A1_DateBoundaryCrossing_IsCapturedInConvertedResult" />
    </UnitTest>
    <UnitTest name="TimezoneUtility.Unit.Services.BatchConversion.ModelInvariantTests.BatchConversionRow_HoldsRawFieldsExactlyAsSupplied" storage="/workdir/repositories/spec-kit-dotnet-cli-demo/tests/timezoneutility.unit/bin/debug/net8.0/timezoneutility.unit.dll" id="e5d0f044-6d58-cf97-5f4a-5c656fddb375">
      <Execution id="31fb73f5-6b79-454b-9380-4fa98cd2e27d" />
      <TestMethod codeBase="/workdir/repositories/spec-kit-dotnet-cli-demo/tests/TimezoneUtility.Unit/bin/Debug/net8.0/TimezoneUtility.Unit.dll" adapterTypeName="executor://xunit/VsTestRunner2/netcoreapp" className="TimezoneUtility.Unit.Services.BatchConversion.ModelInvariantTests" name="BatchConversionRow_HoldsRawFieldsExactlyAsSupplied" />
    </UnitTest>
    <UnitTest name="TimezoneUtility.Unit.Services.BatchConversion.ModelInvariantTests.REQ_021_REQ_022_BatchRunSummary_TotalRowsEqualsSucceededPlusFailed(succeeded: 0, failed: 0)" storage="/workdir/repositories/spec-kit-dotnet-cli-demo/tests/timezoneutility.unit/bin/debug/net8.0/timezoneutility.unit.dll" id="f85473f4-32db-17c3-0b9d-bf4772f61fa3">
      <Execution id="25ce42c2-27d0-4215-b0e7-eaa666f42d00" />
      <TestMethod codeBase="/workdir/repositories/spec-kit-dotnet-cli-demo/tests/TimezoneUtility.Unit/bin/Debug/net8.0/TimezoneUtility.Unit.dll" adapterTypeName="executor://xunit/VsTestRunner2/netcoreapp" className="TimezoneUtility.Unit.Services.BatchConversion.ModelInvariantTests" name="REQ_021_REQ_022_BatchRunSummary_TotalRowsEqualsSucceededPlusFailed" />
    </UnitTest>
    <UnitTest name="TimezoneUtility.Unit.Services.BatchConversion.BatchRunSummaryGeneratorTests.REQ_NF_003_TwoCountsAloneClassifyTheRun(succeeded: 0, failed: 5)" storage="/workdir/repositories/spec-kit-dotnet-cli-demo/tests/timezoneutility.unit/bin/debug/net8.0/timezoneutility.unit.dll" id="3403d022-9622-e1f8-25c7-ca6bab5ad9f5">
      <Execution id="d95b502c-6d0f-49e4-a1fc-e4e01f2a62ca" />
      <TestMethod codeBase="/workdir/repositories/spec-kit-dotnet-cli-demo/tests/TimezoneUtility.Unit/bin/Debug/net8.0/TimezoneUtility.Unit.dll" adapterTypeName="executor://xunit/VsTestRunner2/netcoreapp" className="TimezoneUtility.Unit.Services.BatchConversion.BatchRunSummaryGeneratorTests" name="REQ_NF_003_TwoCountsAloneClassifyTheRun" />
    </UnitTest>
    <UnitTest name="TimezoneUtility.Unit.Services.BatchConversion.BatchRowValidatorTests.REQ_015_MissingTimestamp_FailsIdentifyingTheField" storage="/workdir/repositories/spec-kit-dotnet-cli-demo/tests/timezoneutility.unit/bin/debug/net8.0/timezoneutility.unit.dll" id="1bec9231-2a12-05fc-5504-7c0771163230">
      <Execution id="7be9dcb0-55d6-476a-8383-e9948e0b08ee" />
      <TestMethod codeBase="/workdir/repositories/spec-kit-dotnet-cli-demo/tests/TimezoneUtility.Unit/bin/Debug/net8.0/TimezoneUtility.Unit.dll" adapterTypeName="executor://xunit/VsTestRunner2/netcoreapp" className="TimezoneUtility.Unit.Services.BatchConversion.BatchRowValidatorTests" name="REQ_015_MissingTimestamp_FailsIdentifyingTheField" />
    </UnitTest>
    <UnitTest name="TimezoneUtility.Unit.Services.BatchConversion.TimeServiceDstBoundaryTests.STS_005_B1_SpringForwardNonexistentHour_ResolvesToConvertedResult_NotAnException" storage="/workdir/repositories/spec-kit-dotnet-cli-demo/tests/timezoneutility.unit/bin/debug/net8.0/timezoneutility.unit.dll" id="3928f3e3-9c2b-b641-0eac-8fb7e022e0b8">
      <Execution id="004d634f-292b-4f95-98cf-652ef14f5b64" />
      <TestMethod codeBase="/workdir/repositories/spec-kit-dotnet-cli-demo/tests/TimezoneUtility.Unit/bin/Debug/net8.0/TimezoneUtility.Unit.dll" adapterTypeName="executor://xunit/VsTestRunner2/netcoreapp" className="TimezoneUtility.Unit.Services.BatchConversion.TimeServiceDstBoundaryTests" name="STS_005_B1_SpringForwardNonexistentHour_ResolvesToConvertedResult_NotAnException" />
    </UnitTest>
    <UnitTest name="TimezoneUtility.Unit.Services.BatchConversion.BatchTimestampInterpreterTests.EmptyTimestamp_ReturnsFalse" storage="/workdir/repositories/spec-kit-dotnet-cli-demo/tests/timezoneutility.unit/bin/debug/net8.0/timezoneutility.unit.dll" id="d9cfbed8-fb80-3e62-d57e-e0d08a077938">
      <Execution id="69589769-4bb7-4622-8fcb-b3a60444b309" />
      <TestMethod codeBase="/workdir/repositories/spec-kit-dotnet-cli-demo/tests/TimezoneUtility.Unit/bin/Debug/net8.0/TimezoneUtility.Unit.dll" adapterTypeName="executor://xunit/VsTestRunner2/netcoreapp" className="TimezoneUtility.Unit.Services.BatchConversion.BatchTimestampInterpreterTests" name="EmptyTimestamp_ReturnsFalse" />
    </UnitTest>
    <UnitTest name="TimezoneUtility.Unit.Services.BatchConversion.ModelInvariantTests.REQ_007_RowConversionResult_ConvertedLocalDateTime_IsDerivedFromInstantAndZone" storage="/workdir/repositories/spec-kit-dotnet-cli-demo/tests/timezoneutility.unit/bin/debug/net8.0/timezoneutility.unit.dll" id="38a4e1c3-545a-b8e7-5676-0246d03ed1ae">
      <Execution id="f045294d-b54a-49ed-9af6-c34bdb5d5edc" />
      <TestMethod codeBase="/workdir/repositories/spec-kit-dotnet-cli-demo/tests/TimezoneUtility.Unit/bin/Debug/net8.0/TimezoneUtility.Unit.dll" adapterTypeName="executor://xunit/VsTestRunner2/netcoreapp" className="TimezoneUtility.Unit.Services.BatchConversion.ModelInvariantTests" name="REQ_007_RowConversionResult_ConvertedLocalDateTime_IsDerivedFromInstantAndZone" />
    </UnitTest>
    <UnitTest name="TimezoneUtility.Unit.Services.BatchConversion.InvalidRowReporterTests.STS_007_A1_ReportedEntry_ContainsRowNumberAndReason" storage="/workdir/repositories/spec-kit-dotnet-cli-demo/tests/timezoneutility.unit/bin/debug/net8.0/timezoneutility.unit.dll" id="7234e5e4-4b1a-e3a5-b894-7b12b0c07eb3">
      <Execution id="21a31b6d-ce4a-4102-8b8a-8e419ad83ee3" />
      <TestMethod codeBase="/workdir/repositories/spec-kit-dotnet-cli-demo/tests/TimezoneUtility.Unit/bin/Debug/net8.0/TimezoneUtility.Unit.dll" adapterTypeName="executor://xunit/VsTestRunner2/netcoreapp" className="TimezoneUtility.Unit.Services.BatchConversion.InvalidRowReporterTests" name="STS_007_A1_ReportedEntry_ContainsRowNumberAndReason" />
    </UnitTest>
    <UnitTest name="TimezoneUtility.Unit.Services.BatchConversion.CsvBatchReaderTests.STS_002_B1_HeaderOnlyFile_ResolvesSuccessfullyWithZeroRows" storage="/workdir/repositories/spec-kit-dotnet-cli-demo/tests/timezoneutility.unit/bin/debug/net8.0/timezoneutility.unit.dll" id="aac64e10-8034-ec05-e9ed-b4a87bb32046">
      <Execution id="f5eaf424-97f2-44a2-9270-104b6d58f335" />
      <TestMethod codeBase="/workdir/repositories/spec-kit-dotnet-cli-demo/tests/TimezoneUtility.Unit/bin/Debug/net8.0/TimezoneUtility.Unit.dll" adapterTypeName="executor://xunit/VsTestRunner2/netcoreapp" className="TimezoneUtility.Unit.Services.BatchConversion.CsvBatchReaderTests" name="STS_002_B1_HeaderOnlyFile_ResolvesSuccessfullyWithZeroRows" />
    </UnitTest>
    <UnitTest name="TimezoneUtility.Unit.Services.BatchConversion.BatchOutputWriterTests.STS_009_B1_WriteDestinationUnwritable_ReportsFailure_AndInMemoryResultsRemainRetained" storage="/workdir/repositories/spec-kit-dotnet-cli-demo/tests/timezoneutility.unit/bin/debug/net8.0/timezoneutility.unit.dll" id="4ce80567-2c44-406b-eaa1-a397d1a23424">
      <Execution id="cd9b7141-fced-40d8-8942-20afd757f08b" />
      <TestMethod codeBase="/workdir/repositories/spec-kit-dotnet-cli-demo/tests/TimezoneUtility.Unit/bin/Debug/net8.0/TimezoneUtility.Unit.dll" adapterTypeName="executor://xunit/VsTestRunner2/netcoreapp" className="TimezoneUtility.Unit.Services.BatchConversion.BatchOutputWriterTests" name="STS_009_B1_WriteDestinationUnwritable_ReportsFailure_AndInMemoryResultsRemainRetained" />
    </UnitTest>
    <UnitTest name="TimezoneUtility.Unit.Services.BatchConversion.TimeServiceDstBoundaryTests.STS_005_B2_FallBackRepeatedHour_ResolvesToExactlyOneConvertedResult_AccurateToTheMinute" storage="/workdir/repositories/spec-kit-dotnet-cli-demo/tests/timezoneutility.unit/bin/debug/net8.0/timezoneutility.unit.dll" id="04eb507c-64e8-cf7d-dc9b-f284ecc712ca">
      <Execution id="9ea58200-8c6c-496f-bbe4-600a1f1751e5" />
      <TestMethod codeBase="/workdir/repositories/spec-kit-dotnet-cli-demo/tests/TimezoneUtility.Unit/bin/Debug/net8.0/TimezoneUtility.Unit.dll" adapterTypeName="executor://xunit/VsTestRunner2/netcoreapp" className="TimezoneUtility.Unit.Services.BatchConversion.TimeServiceDstBoundaryTests" name="STS_005_B2_FallBackRepeatedHour_ResolvesToExactlyOneConvertedResult_AccurateToTheMinute" />
    </UnitTest>
    <UnitTest name="TimezoneUtility.Unit.Services.BatchConversion.BatchRowsOrchestratorTests.STS_006_B1_UnhandledExceptionFromRowTwo_OrchestratorContinuesToRowsThreeAndFour" storage="/workdir/repositories/spec-kit-dotnet-cli-demo/tests/timezoneutility.unit/bin/debug/net8.0/timezoneutility.unit.dll" id="5d56f4d6-4912-87c1-ef0c-fcaa4cba30ec">
      <Execution id="32849598-68b9-4c7d-a794-10f42bfd9b94" />
      <TestMethod codeBase="/workdir/repositories/spec-kit-dotnet-cli-demo/tests/TimezoneUtility.Unit/bin/Debug/net8.0/TimezoneUtility.Unit.dll" adapterTypeName="executor://xunit/VsTestRunner2/netcoreapp" className="TimezoneUtility.Unit.Services.BatchConversion.BatchRowsOrchestratorTests" name="STS_006_B1_UnhandledExceptionFromRowTwo_OrchestratorContinuesToRowsThreeAndFour" />
    </UnitTest>
  </TestDefinitions>
  <TestEntries>
    <TestEntry testId="1f0b74d8-1cd5-585a-1584-08e9626d2fb2" executionId="1d1316bb-dac3-437f-b961-99d7f495b019" testListId="8c84fa94-04c1-424b-9868-57a2d4851a1d" />
    <TestEntry testId="44f1d2e4-a7fb-88e1-a04f-6ffdbae72b2b" executionId="84b2d55d-c715-491c-ab49-58b5f83030f7" testListId="8c84fa94-04c1-424b-9868-57a2d4851a1d" />
    <TestEntry testId="f5a456b5-25ea-feb9-8970-06fd2387655d" executionId="cc4d547f-e984-44ad-b27f-2bc085c17f35" testListId="8c84fa94-04c1-424b-9868-57a2d4851a1d" />
    <TestEntry testId="aedc13a2-9e77-0b9b-4c2e-405495c5f686" executionId="6698ef1e-c2d8-4388-92cc-3572bef005b5" testListId="8c84fa94-04c1-424b-9868-57a2d4851a1d" />
    <TestEntry testId="7718f4bd-53a5-cc88-9306-04701a1d2164" executionId="503f62cd-ec31-4d68-bea0-2224969e7d3b" testListId="8c84fa94-04c1-424b-9868-57a2d4851a1d" />
    <TestEntry testId="ac05867c-fd10-b86b-27d9-3f814aa8d84c" executionId="075f0f40-9e05-4e62-b30f-99c50b0a4d04" testListId="8c84fa94-04c1-424b-9868-57a2d4851a1d" />
    <TestEntry testId="4b3c16ad-a3f4-f111-8906-2902a5294319" executionId="7dc67473-2ff2-4a89-b601-5becb823d54d" testListId="8c84fa94-04c1-424b-9868-57a2d4851a1d" />
    <TestEntry testId="14daf099-5f87-4cd5-aeba-47e8a461558e" executionId="c1be9034-17db-4e30-affb-989938b90093" testListId="8c84fa94-04c1-424b-9868-57a2d4851a1d" />
    <TestEntry testId="88a5291a-312f-e746-e51b-974e8f15ab62" executionId="9bb5034c-1478-490d-89d8-f43898407aca" testListId="8c84fa94-04c1-424b-9868-57a2d4851a1d" />
    <TestEntry testId="eb8b225e-7334-7fe1-ba56-323c801bdb86" executionId="97c1c47e-7c0c-49d5-a4f2-b86fcb53e0d0" testListId="8c84fa94-04c1-424b-9868-57a2d4851a1d" />
    <TestEntry testId="d9cfbed8-fb80-3e62-d57e-e0d08a077938" executionId="69589769-4bb7-4622-8fcb-b3a60444b309" testListId="8c84fa94-04c1-424b-9868-57a2d4851a1d" />
    <TestEntry testId="8670df7a-26bc-5c4d-bddc-8c62d4e2c469" executionId="3697434f-2d90-4021-be44-99fbcd2ffd64" testListId="8c84fa94-04c1-424b-9868-57a2d4851a1d" />
    <TestEntry testId="4ce80567-2c44-406b-eaa1-a397d1a23424" executionId="cd9b7141-fced-40d8-8942-20afd757f08b" testListId="8c84fa94-04c1-424b-9868-57a2d4851a1d" />
    <TestEntry testId="3928f3e3-9c2b-b641-0eac-8fb7e022e0b8" executionId="004d634f-292b-4f95-98cf-652ef14f5b64" testListId="8c84fa94-04c1-424b-9868-57a2d4851a1d" />
    <TestEntry testId="7a1a073e-4b3f-161c-e806-029b4d3cba98" executionId="c81659e9-2b20-485e-a7ba-b1a0990e6966" testListId="8c84fa94-04c1-424b-9868-57a2d4851a1d" />
    <TestEntry testId="5709da7f-72bd-4b87-a958-445f17790649" executionId="13f84e14-97af-41b2-8e58-fa1566c3fe84" testListId="8c84fa94-04c1-424b-9868-57a2d4851a1d" />
    <TestEntry testId="ca0a8b12-acc1-3fa8-b9b7-775027de81a0" executionId="bd54b017-2f08-4ce4-bbaf-9542b7e24bc3" testListId="8c84fa94-04c1-424b-9868-57a2d4851a1d" />
    <TestEntry testId="fabd92b0-32fe-15aa-b3df-ab25f3eaab54" executionId="f7fbd86c-62b0-4870-82d9-a7cdea2914bc" testListId="8c84fa94-04c1-424b-9868-57a2d4851a1d" />
    <TestEntry testId="e2aeeef7-e2af-c84f-1c7a-d5b7cd4c476b" executionId="9215ea34-07b1-474e-98d1-531cff2a648f" testListId="8c84fa94-04c1-424b-9868-57a2d4851a1d" />
    <TestEntry testId="ac54ae97-bf03-9e52-b034-ed50f91fe0e4" executionId="a84e2d3a-95c4-4b7f-a1fe-d9475fd513d5" testListId="8c84fa94-04c1-424b-9868-57a2d4851a1d" />
    <TestEntry testId="d2124d37-75ab-e29b-2b5a-f11cb544fe36" executionId="7426b2fb-22ff-4822-9014-6d6a9653d43e" testListId="8c84fa94-04c1-424b-9868-57a2d4851a1d" />
    <TestEntry testId="7234e5e4-4b1a-e3a5-b894-7b12b0c07eb3" executionId="21a31b6d-ce4a-4102-8b8a-8e419ad83ee3" testListId="8c84fa94-04c1-424b-9868-57a2d4851a1d" />
    <TestEntry testId="3403d022-9622-e1f8-25c7-ca6bab5ad9f5" executionId="d95b502c-6d0f-49e4-a1fc-e4e01f2a62ca" testListId="8c84fa94-04c1-424b-9868-57a2d4851a1d" />
    <TestEntry testId="1aa0b625-6feb-64af-7249-819ed02f607e" executionId="20921cc3-2cb4-4ab3-8430-3ef725e87795" testListId="8c84fa94-04c1-424b-9868-57a2d4851a1d" />
    <TestEntry testId="af6dcef6-602e-b5e0-5981-6902b39b2582" executionId="e65b8549-6386-40c2-8cba-29346f768b94" testListId="8c84fa94-04c1-424b-9868-57a2d4851a1d" />
    <TestEntry testId="78cedbc1-cd50-dd36-9de3-91336d00a456" executionId="6b35fe7e-cbfc-472e-9d45-ac08c264017f" testListId="8c84fa94-04c1-424b-9868-57a2d4851a1d" />
    <TestEntry testId="34a2213c-5695-aff4-938b-a6a56464b6b6" executionId="b39409db-7fa6-413c-88d0-e072a5218e47" testListId="8c84fa94-04c1-424b-9868-57a2d4851a1d" />
    <TestEntry testId="5d56f4d6-4912-87c1-ef0c-fcaa4cba30ec" executionId="32849598-68b9-4c7d-a794-10f42bfd9b94" testListId="8c84fa94-04c1-424b-9868-57a2d4851a1d" />
    <TestEntry testId="aac64e10-8034-ec05-e9ed-b4a87bb32046" executionId="f5eaf424-97f2-44a2-9270-104b6d58f335" testListId="8c84fa94-04c1-424b-9868-57a2d4851a1d" />
    <TestEntry testId="b68b38b1-b6fc-86c2-8b25-e7917129b700" executionId="6900ea8d-20c3-41e1-a8cb-a9a8d69611cc" testListId="8c84fa94-04c1-424b-9868-57a2d4851a1d" />
    <TestEntry testId="e5d0f044-6d58-cf97-5f4a-5c656fddb375" executionId="31fb73f5-6b79-454b-9380-4fa98cd2e27d" testListId="8c84fa94-04c1-424b-9868-57a2d4851a1d" />
    <TestEntry testId="b6072c66-7ade-8f42-cb4c-1cf0aa26b76f" executionId="ebec2b8c-1b44-44a5-b7e8-57b70c6614ad" testListId="8c84fa94-04c1-424b-9868-57a2d4851a1d" />
    <TestEntry testId="d3d9ce95-4943-1d77-b14a-2d1ad4a1e9d3" executionId="bd007826-2071-4429-8a19-f9417fc5d150" testListId="8c84fa94-04c1-424b-9868-57a2d4851a1d" />
    <TestEntry testId="53e99a33-480c-d0df-be01-610388c4f4da" executionId="8cf8cebe-dc4a-4311-aba8-d5964fba9ebc" testListId="8c84fa94-04c1-424b-9868-57a2d4851a1d" />
    <TestEntry testId="5fa40a7e-9df8-eab4-f91e-70b910b3b2dc" executionId="671bac26-ea62-4645-ade3-114c31a9183f" testListId="8c84fa94-04c1-424b-9868-57a2d4851a1d" />
    <TestEntry testId="be01a04f-f400-1ffa-befb-babada64c76a" executionId="ae5fe61d-11d4-4d97-82c9-f94b60298b7c" testListId="8c84fa94-04c1-424b-9868-57a2d4851a1d" />
    <TestEntry testId="4c0ca501-6ba6-3a1d-52e4-d514fc51f5f3" executionId="7e920a70-2e55-4dff-bede-b71140f43f49" testListId="8c84fa94-04c1-424b-9868-57a2d4851a1d" />
    <TestEntry testId="04eb507c-64e8-cf7d-dc9b-f284ecc712ca" executionId="9ea58200-8c6c-496f-bbe4-600a1f1751e5" testListId="8c84fa94-04c1-424b-9868-57a2d4851a1d" />
    <TestEntry testId="1bec9231-2a12-05fc-5504-7c0771163230" executionId="7be9dcb0-55d6-476a-8383-e9948e0b08ee" testListId="8c84fa94-04c1-424b-9868-57a2d4851a1d" />
    <TestEntry testId="5e22a062-b6d4-c754-b6ca-a20d82b93d1f" executionId="d92bc5c7-9c10-4143-aabb-0b8270594aba" testListId="8c84fa94-04c1-424b-9868-57a2d4851a1d" />
    <TestEntry testId="38a4e1c3-545a-b8e7-5676-0246d03ed1ae" executionId="f045294d-b54a-49ed-9af6-c34bdb5d5edc" testListId="8c84fa94-04c1-424b-9868-57a2d4851a1d" />
    <TestEntry testId="78bb1764-1171-c70a-f37c-34cd7f4d617e" executionId="cddd6b4e-1369-46aa-a256-bc81f734a3ab" testListId="8c84fa94-04c1-424b-9868-57a2d4851a1d" />
    <TestEntry testId="18586f6c-2afe-ff3c-66e7-90f9959da161" executionId="b039cad3-bda4-4bad-967f-c326b182778f" testListId="8c84fa94-04c1-424b-9868-57a2d4851a1d" />
    <TestEntry testId="409fbf05-d24b-0c66-a9a6-ec6a1224e173" executionId="39097007-0262-482e-a2a2-972fb5d41c8e" testListId="8c84fa94-04c1-424b-9868-57a2d4851a1d" />
    <TestEntry testId="98a3504b-f8fc-4049-9cd2-50f44dfbb96e" executionId="1286b372-b4e3-465f-8a73-de76b1abbf1e" testListId="8c84fa94-04c1-424b-9868-57a2d4851a1d" />
    <TestEntry testId="6f5cb38b-13e3-c68b-b64b-f35b94349464" executionId="7704d76d-610a-4f30-8e36-49f720e9d918" testListId="8c84fa94-04c1-424b-9868-57a2d4851a1d" />
    <TestEntry testId="f85473f4-32db-17c3-0b9d-bf4772f61fa3" executionId="25ce42c2-27d0-4215-b0e7-eaa666f42d00" testListId="8c84fa94-04c1-424b-9868-57a2d4851a1d" />
    <TestEntry testId="348348fe-7f48-658d-3153-bda8e906b95e" executionId="ce8de7ff-f2f4-444f-b3b7-9874a1fcef6b" testListId="8c84fa94-04c1-424b-9868-57a2d4851a1d" />
  </TestEntries>
  <TestLists>
    <TestList name="Results Not in a List" id="8c84fa94-04c1-424b-9868-57a2d4851a1d" />
    <TestList name="All Loaded Results" id="19431567-8539-422a-85d7-44ee4e166bda" />
  </TestLists>
  <ResultSummary outcome="Completed">
    <Counters total="48" executed="48" passed="48" failed="0" error="0" timeout="0" aborted="0" inconclusive="0" passedButRunAborted="0" notRunnable="0" notExecuted="0" disconnected="0" warning="0" completed="0" inProgress="0" pending="0" />
    <Output>
      <StdOut>[xUnit.net 00:00:00.00] xUnit.net VSTest Adapter v2.5.3.1+6b60a9e56a (64-bit .NET 8.0.31)
[xUnit.net 00:00:00.05]   Discovering: TimezoneUtility.Unit
[xUnit.net 00:00:00.09]   Discovered:  TimezoneUtility.Unit
[xUnit.net 00:00:00.10]   Starting:    TimezoneUtility.Unit
[xUnit.net 00:00:00.28]   Finished:    TimezoneUtility.Unit
</StdOut>
    </Output>
  </ResultSummary>
</TestRun>