<?xml version="1.0" encoding="utf-8"?>
<TestRun id="1cdea652-28de-4e09-84c6-f2bb6755afad" name="@task-execution-f861e733-14c7-4eb2-8d27-f13e7e4fda85 2026-09-21 15:10:37" xmlns="http://microsoft.com/schemas/VisualStudio/TeamTest/2010">
  <Times creation="2026-09-21T15:10:37.7026981+00:00" queuing="2026-09-21T15:10:37.7026982+00:00" start="2026-09-21T15:10:37.2951967+00:00" finish="2026-09-21T15:10:37.7602481+00:00" />
  <TestSettings name="default" id="77492198-03e4-4520-be96-5c5469540b58">
    <Deployment runDeploymentRoot="_task-execution-f861e733-14c7-4eb2-8d27-f13e7e4fda85_2026-09-21_15_10_37" />
  </TestSettings>
  <Results>
    <UnitTestResult executionId="ad8a372e-fd7b-4f33-b23d-aeeea9402259" testId="af6dcef6-602e-b5e0-5981-6902b39b2582" testName="TimezoneUtility.Unit.Services.BatchConversion.BatchRunSummaryGeneratorTests.STS_010_B2_HeaderOnlyFile_ProducesNoRowsProcessedMessageNotZeroSummary" computerName="task-execution-f861e733-14c7-4eb2-8d27-f13e7e4fda85" duration="00:00:00.0010006" startTime="2026-09-21T15:10:37.6885908+00:00" endTime="2026-09-21T15:10:37.6885908+00:00" testType="13cdc9d9-ddb5-4fa4-a97d-d965ccfc6d4b" outcome="Passed" testListId="8c84fa94-04c1-424b-9868-57a2d4851a1d" relativeResultsDirectory="ad8a372e-fd7b-4f33-b23d-aeeea9402259" />
    <UnitTestResult executionId="bbe7f75c-2151-44c7-a461-2c7de7202daa" testId="d9cfbed8-fb80-3e62-d57e-e0d08a077938" testName="TimezoneUtility.Unit.Services.BatchConversion.BatchTimestampInterpreterTests.EmptyTimestamp_ReturnsFalse" computerName="task-execution-f861e733-14c7-4eb2-8d27-f13e7e4fda85" duration="00:00:00.0001219" startTime="2026-09-21T15:10:37.6954834+00:00" endTime="2026-09-21T15:10:37.6954835+00:00" testType="13cdc9d9-ddb5-4fa4-a97d-d965ccfc6d4b" outcome="Passed" testListId="8c84fa94-04c1-424b-9868-57a2d4851a1d" relativeResultsDirectory="bbe7f75c-2151-44c7-a461-2c7de7202daa" />
    <UnitTestResult executionId="572227de-42b6-425e-a13b-aaca75953ef6" testId="88a5291a-312f-e746-e51b-974e8f15ab62" testName="TimezoneUtility.Unit.Services.BatchConversion.ModelInvariantTests.REQ_025_RowConversionResult_ConvertedLocalDateTime_ReflectsDateBoundaryCrossing" computerName="task-execution-f861e733-14c7-4eb2-8d27-f13e7e4fda85" duration="00:00:00.0234225" startTime="2026-09-21T15:10:37.6889542+00:00" endTime="2026-09-21T15:10:37.6889543+00:00" testType="13cdc9d9-ddb5-4fa4-a97d-d965ccfc6d4b" outcome="Passed" testListId="8c84fa94-04c1-424b-9868-57a2d4851a1d" relativeResultsDirectory="572227de-42b6-425e-a13b-aaca75953ef6" />
    <UnitTestResult executionId="d6c68700-cefc-4e40-aeea-ce29976035e9" testId="f5a456b5-25ea-feb9-8970-06fd2387655d" testName="TimezoneUtility.Unit.Services.BatchConversion.BatchRowProcessorTests.STS_005_C1_UnderlyingConversionEngineThrows_RowIsIsolatedAsFailure" computerName="task-execution-f861e733-14c7-4eb2-8d27-f13e7e4fda85" duration="00:00:00.0304873" startTime="2026-09-21T15:10:37.7325811+00:00" endTime="2026-09-21T15:10:37.7325812+00:00" testType="13cdc9d9-ddb5-4fa4-a97d-d965ccfc6d4b" outcome="Passed" testListId="8c84fa94-04c1-424b-9868-57a2d4851a1d" relativeResultsDirectory="d6c68700-cefc-4e40-aeea-ce29976035e9" />
    <UnitTestResult executionId="b15001f7-ebdf-4177-890a-20f047f51371" testId="ca0a8b12-acc1-3fa8-b9b7-775027de81a0" testName="TimezoneUtility.Unit.Services.BatchConversion.SuccessfulResultFormatterTests.STS_005_A1_DateBoundaryCrossing_IsCapturedInConvertedResult" computerName="task-execution-f861e733-14c7-4eb2-8d27-f13e7e4fda85" duration="00:00:00.0177499" startTime="2026-09-21T15:10:37.6889577+00:00" endTime="2026-09-21T15:10:37.6889578+00:00" testType="13cdc9d9-ddb5-4fa4-a97d-d965ccfc6d4b" outcome="Passed" testListId="8c84fa94-04c1-424b-9868-57a2d4851a1d" relativeResultsDirectory="b15001f7-ebdf-4177-890a-20f047f51371" />
    <UnitTestResult executionId="9f56fe5e-0244-4604-b1b5-d21addb2f2bb" testId="4b3c16ad-a3f4-f111-8906-2902a5294319" testName="TimezoneUtility.Unit.Services.BatchConversion.ModelInvariantTests.InvalidRowRecord_HoldsRowNumberAndReason" computerName="task-execution-f861e733-14c7-4eb2-8d27-f13e7e4fda85" duration="00:00:00.0003247" startTime="2026-09-21T15:10:37.6892254+00:00" endTime="2026-09-21T15:10:37.6892254+00:00" testType="13cdc9d9-ddb5-4fa4-a97d-d965ccfc6d4b" outcome="Passed" testListId="8c84fa94-04c1-424b-9868-57a2d4851a1d" relativeResultsDirectory="9f56fe5e-0244-4604-b1b5-d21addb2f2bb" />
    <UnitTestResult executionId="114c52a9-4766-4ad3-94d6-b47759211e07" testId="b6072c66-7ade-8f42-cb4c-1cf0aa26b76f" testName="TimezoneUtility.Unit.Services.BatchConversion.BatchRunSummaryGeneratorTests.REQ_NF_003_TwoCountsAloneClassifyTheRun(succeeded: 5, failed: 0)" computerName="task-execution-f861e733-14c7-4eb2-8d27-f13e7e4fda85" duration="00:00:00.0000033" startTime="2026-09-21T15:10:37.6883982+00:00" endTime="2026-09-21T15:10:37.6883983+00:00" testType="13cdc9d9-ddb5-4fa4-a97d-d965ccfc6d4b" outcome="Passed" testListId="8c84fa94-04c1-424b-9868-57a2d4851a1d" relativeResultsDirectory="114c52a9-4766-4ad3-94d6-b47759211e07" />
    <UnitTestResult executionId="c741febf-1858-477b-bdad-ae941a85e961" testId="ac54ae97-bf03-9e52-b034-ed50f91fe0e4" testName="TimezoneUtility.Unit.Services.BatchConversion.BatchRunSummaryGeneratorTests.REQ_NF_003_TwoCountsAloneClassifyTheRun(succeeded: 3, failed: 2)" computerName="task-execution-f861e733-14c7-4eb2-8d27-f13e7e4fda85" duration="00:00:00.0005190" startTime="2026-09-21T15:10:37.6883518+00:00" endTime="2026-09-21T15:10:37.6883518+00:00" testType="13cdc9d9-ddb5-4fa4-a97d-d965ccfc6d4b" outcome="Passed" testListId="8c84fa94-04c1-424b-9868-57a2d4851a1d" relativeResultsDirectory="c741febf-1858-477b-bdad-ae941a85e961" />
    <UnitTestResult executionId="4fe6515c-11d0-4058-ab8d-37a1434c2a2d" testId="6f5cb38b-13e3-c68b-b64b-f35b94349464" testName="TimezoneUtility.Unit.Services.BatchConversion.BatchRowValidatorTests.STS_003_B1_FullyValidRow_Passes" computerName="task-execution-f861e733-14c7-4eb2-8d27-f13e7e4fda85" duration="00:00:00.0121502" startTime="2026-09-21T15:10:37.6888909+00:00" endTime="2026-09-21T15:10:37.6888909+00:00" testType="13cdc9d9-ddb5-4fa4-a97d-d965ccfc6d4b" outcome="Passed" testListId="8c84fa94-04c1-424b-9868-57a2d4851a1d" relativeResultsDirectory="4fe6515c-11d0-4058-ab8d-37a1434c2a2d" />
    <UnitTestResult executionId="93f73f40-7284-4850-bec7-d7afb91ee33c" testId="98a3504b-f8fc-4049-9cd2-50f44dfbb96e" testName="TimezoneUtility.Unit.Services.BatchConversion.BatchRowValidatorTests.REQ_010_UnrecognizedTargetTimezone_Fails" computerName="task-execution-f861e733-14c7-4eb2-8d27-f13e7e4fda85" duration="00:00:00.0000573" startTime="2026-09-21T15:10:37.6889316+00:00" endTime="2026-09-21T15:10:37.6889316+00:00" testType="13cdc9d9-ddb5-4fa4-a97d-d965ccfc6d4b" outcome="Passed" testListId="8c84fa94-04c1-424b-9868-57a2d4851a1d" relativeResultsDirectory="93f73f40-7284-4850-bec7-d7afb91ee33c" />
    <UnitTestResult executionId="3194944d-4d00-4016-a797-48cff2dda92e" testId="4ce80567-2c44-406b-eaa1-a397d1a23424" testName="TimezoneUtility.Unit.Services.BatchConversion.BatchOutputWriterTests.STS_009_B1_WriteDestinationUnwritable_ReportsFailure_AndInMemoryResultsRemainRetained" computerName="task-execution-f861e733-14c7-4eb2-8d27-f13e7e4fda85" duration="00:00:00.0512236" startTime="2026-09-21T15:10:37.7024357+00:00" endTime="2026-09-21T15:10:37.7024358+00:00" testType="13cdc9d9-ddb5-4fa4-a97d-d965ccfc6d4b" outcome="Passed" testListId="8c84fa94-04c1-424b-9868-57a2d4851a1d" relativeResultsDirectory="3194944d-4d00-4016-a797-48cff2dda92e" />
    <UnitTestResult executionId="4b2bc49f-70c8-4109-853e-f794b5bdb7d0" testId="e5d0f044-6d58-cf97-5f4a-5c656fddb375" testName="TimezoneUtility.Unit.Services.BatchConversion.ModelInvariantTests.BatchConversionRow_HoldsRawFieldsExactlyAsSupplied" computerName="task-execution-f861e733-14c7-4eb2-8d27-f13e7e4fda85" duration="00:00:00.0000761" startTime="2026-09-21T15:10:37.6871911+00:00" endTime="2026-09-21T15:10:37.6871911+00:00" testType="13cdc9d9-ddb5-4fa4-a97d-d965ccfc6d4b" outcome="Passed" testListId="8c84fa94-04c1-424b-9868-57a2d4851a1d" relativeResultsDirectory="4b2bc49f-70c8-4109-853e-f794b5bdb7d0" />
    <UnitTestResult executionId="2a67742e-389b-4dc5-aa43-d861ef4919a8" testId="b68b38b1-b6fc-86c2-8b25-e7917129b700" testName="TimezoneUtility.Unit.Services.BatchConversion.ModelInvariantTests.REQ_021_REQ_022_BatchRunSummary_TotalRowsEqualsSucceededPlusFailed(succeeded: 3, failed: 2)" computerName="task-execution-f861e733-14c7-4eb2-8d27-f13e7e4fda85" duration="00:00:00.0000039" startTime="2026-09-21T15:10:37.6871472+00:00" endTime="2026-09-21T15:10:37.6871472+00:00" testType="13cdc9d9-ddb5-4fa4-a97d-d965ccfc6d4b" outcome="Passed" testListId="8c84fa94-04c1-424b-9868-57a2d4851a1d" relativeResultsDirectory="2a67742e-389b-4dc5-aa43-d861ef4919a8" />
    <UnitTestResult executionId="9744abdd-1c96-4264-b98d-424b9a77367c" testId="53e99a33-480c-d0df-be01-610388c4f4da" testName="TimezoneUtility.Unit.Services.BatchConversion.BatchRowValidatorTests.REQ_015_MissingTargetTimezone_FailsIdentifyingTheField" computerName="task-execution-f861e733-14c7-4eb2-8d27-f13e7e4fda85" duration="00:00:00.0000358" startTime="2026-09-21T15:10:37.6889453+00:00" endTime="2026-09-21T15:10:37.6889453+00:00" testType="13cdc9d9-ddb5-4fa4-a97d-d965ccfc6d4b" outcome="Passed" testListId="8c84fa94-04c1-424b-9868-57a2d4851a1d" relativeResultsDirectory="9744abdd-1c96-4264-b98d-424b9a77367c" />
    <UnitTestResult executionId="c54dcedf-d6a3-454c-92a2-8113e42a67aa" testId="78bb1764-1171-c70a-f37c-34cd7f4d617e" testName="TimezoneUtility.Unit.Services.BatchConversion.BatchRowProcessorTests.REQ_006_REQ_011_REQ_NF_001_MixedBatch_4Valid16Invalid_AllValidRowsSucceed" computerName="task-execution-f861e733-14c7-4eb2-8d27-f13e7e4fda85" duration="00:00:00.0328490" startTime="2026-09-21T15:10:37.7019276+00:00" endTime="2026-09-21T15:10:37.7019277+00:00" testType="13cdc9d9-ddb5-4fa4-a97d-d965ccfc6d4b" outcome="Passed" testListId="8c84fa94-04c1-424b-9868-57a2d4851a1d" relativeResultsDirectory="c54dcedf-d6a3-454c-92a2-8113e42a67aa" />
    <UnitTestResult executionId="75ef08ab-dc40-4d39-b78d-615e3c8ff92a" testId="d3d9ce95-4943-1d77-b14a-2d1ad4a1e9d3" testName="TimezoneUtility.Unit.Services.BatchConversion.BatchRowValidatorTests.STS_003_A2_UnrecognizedSourceTimezone_FailsWithFieldSpecificReason" computerName="task-execution-f861e733-14c7-4eb2-8d27-f13e7e4fda85" duration="00:00:00.0067671" startTime="2026-09-21T15:10:37.6887218+00:00" endTime="2026-09-21T15:10:37.6887218+00:00" testType="13cdc9d9-ddb5-4fa4-a97d-d965ccfc6d4b" outcome="Passed" testListId="8c84fa94-04c1-424b-9868-57a2d4851a1d" relativeResultsDirectory="75ef08ab-dc40-4d39-b78d-615e3c8ff92a" />
    <UnitTestResult executionId="184010ff-911f-48e0-8961-3926cdacc908" testId="eb8b225e-7334-7fe1-ba56-323c801bdb86" testName="TimezoneUtility.Unit.Services.BatchConversion.BatchRowValidatorTests.STS_003_B2_ValidIanaIdentifiers_AreRecognized" computerName="task-execution-f861e733-14c7-4eb2-8d27-f13e7e4fda85" duration="00:00:00.0001167" startTime="2026-09-21T15:10:37.6889179+00:00" endTime="2026-09-21T15:10:37.6889180+00:00" testType="13cdc9d9-ddb5-4fa4-a97d-d965ccfc6d4b" outcome="Passed" testListId="8c84fa94-04c1-424b-9868-57a2d4851a1d" relativeResultsDirectory="184010ff-911f-48e0-8961-3926cdacc908" />
    <UnitTestResult executionId="6365f3a9-7648-4bef-bb4c-02c8543a6007" testId="ac05867c-fd10-b86b-27d9-3f814aa8d84c" testName="TimezoneUtility.Unit.Services.BatchConversion.BatchOutputWriterTests.STS_009_A1_TwoOutputArtifacts_ContainExactlyTheirOwnRecordsWithNoIntermixing" computerName="task-execution-f861e733-14c7-4eb2-8d27-f13e7e4fda85" duration="00:00:00.0075645" startTime="2026-09-21T15:10:37.7100701+00:00" endTime="2026-09-21T15:10:37.7100701+00:00" testType="13cdc9d9-ddb5-4fa4-a97d-d965ccfc6d4b" outcome="Passed" testListId="8c84fa94-04c1-424b-9868-57a2d4851a1d" relativeResultsDirectory="6365f3a9-7648-4bef-bb4c-02c8543a6007" />
    <UnitTestResult executionId="e6f5e515-8809-492c-bf2e-47cba28c24a5" testId="fabd92b0-32fe-15aa-b3df-ab25f3eaab54" testName="TimezoneUtility.Unit.Services.BatchConversion.BatchRunSummaryGeneratorTests.STS_010_B1_IncompleteFailedRowCount_SummaryReflectsIncompleteCountNotTrueCount" computerName="task-execution-f861e733-14c7-4eb2-8d27-f13e7e4fda85" duration="00:00:00.0007036" startTime="2026-09-21T15:10:37.6886191+00:00" endTime="2026-09-21T15:10:37.6886191+00:00" testType="13cdc9d9-ddb5-4fa4-a97d-d965ccfc6d4b" outcome="Passed" testListId="8c84fa94-04c1-424b-9868-57a2d4851a1d" relativeResultsDirectory="e6f5e515-8809-492c-bf2e-47cba28c24a5" />
    <UnitTestResult executionId="c3b14111-7008-4d56-8de4-27342940e40a" testId="38a4e1c3-545a-b8e7-5676-0246d03ed1ae" testName="TimezoneUtility.Unit.Services.BatchConversion.ModelInvariantTests.REQ_007_RowConversionResult_ConvertedLocalDateTime_IsDerivedFromInstantAndZone" computerName="task-execution-f861e733-14c7-4eb2-8d27-f13e7e4fda85" duration="00:00:00.0005812" startTime="2026-09-21T15:10:37.6891980+00:00" endTime="2026-09-21T15:10:37.6891980+00:00" testType="13cdc9d9-ddb5-4fa4-a97d-d965ccfc6d4b" outcome="Passed" testListId="8c84fa94-04c1-424b-9868-57a2d4851a1d" relativeResultsDirectory="c3b14111-7008-4d56-8de4-27342940e40a" />
    <UnitTestResult executionId="61ebaf6d-94a2-43ac-b89f-183ce28c6416" testId="3403d022-9622-e1f8-25c7-ca6bab5ad9f5" testName="TimezoneUtility.Unit.Services.BatchConversion.BatchRunSummaryGeneratorTests.REQ_NF_003_TwoCountsAloneClassifyTheRun(succeeded: 0, failed: 5)" computerName="task-execution-f861e733-14c7-4eb2-8d27-f13e7e4fda85" duration="00:00:00.0002261" startTime="2026-09-21T15:10:37.6883862+00:00" endTime="2026-09-21T15:10:37.6883862+00:00" testType="13cdc9d9-ddb5-4fa4-a97d-d965ccfc6d4b" outcome="Passed" testListId="8c84fa94-04c1-424b-9868-57a2d4851a1d" relativeResultsDirectory="61ebaf6d-94a2-43ac-b89f-183ce28c6416" />
    <UnitTestResult executionId="a64b425b-e427-4352-958c-627a99bb9c1e" testId="44f1d2e4-a7fb-88e1-a04f-6ffdbae72b2b" testName="TimezoneUtility.Unit.Services.BatchConversion.BatchRunSummaryGeneratorTests.STS_011_B1_HeaderOnlyFile_NoRowsProcessed_TrueAndCountsZero" computerName="task-execution-f861e733-14c7-4eb2-8d27-f13e7e4fda85" duration="00:00:00.0012757" startTime="2026-09-21T15:10:37.6883286+00:00" endTime="2026-09-21T15:10:37.6883286+00:00" testType="13cdc9d9-ddb5-4fa4-a97d-d965ccfc6d4b" outcome="Passed" testListId="8c84fa94-04c1-424b-9868-57a2d4851a1d" relativeResultsDirectory="a64b425b-e427-4352-958c-627a99bb9c1e" />
    <UnitTestResult executionId="0f2d086c-9efa-45b3-9aab-87043e7598df" testId="f85473f4-32db-17c3-0b9d-bf4772f61fa3" testName="TimezoneUtility.Unit.Services.BatchConversion.ModelInvariantTests.REQ_021_REQ_022_BatchRunSummary_TotalRowsEqualsSucceededPlusFailed(succeeded: 0, failed: 0)" computerName="task-execution-f861e733-14c7-4eb2-8d27-f13e7e4fda85" duration="00:00:00.0001792" startTime="2026-09-21T15:10:37.6870216+00:00" endTime="2026-09-21T15:10:37.6870217+00:00" testType="13cdc9d9-ddb5-4fa4-a97d-d965ccfc6d4b" outcome="Passed" testListId="8c84fa94-04c1-424b-9868-57a2d4851a1d" relativeResultsDirectory="0f2d086c-9efa-45b3-9aab-87043e7598df" />
    <UnitTestResult executionId="c15c098c-93ae-48a4-9b46-d9daab6062a9" testId="5709da7f-72bd-4b87-a958-445f17790649" testName="TimezoneUtility.Unit.Services.BatchConversion.CsvBatchReaderTests.REQ_002_HeaderNames_AreCaseInsensitive" computerName="task-execution-f861e733-14c7-4eb2-8d27-f13e7e4fda85" duration="00:00:00.0008033" startTime="2026-09-21T15:10:37.6886321+00:00" endTime="2026-09-21T15:10:37.6886321+00:00" testType="13cdc9d9-ddb5-4fa4-a97d-d965ccfc6d4b" outcome="Passed" testListId="8c84fa94-04c1-424b-9868-57a2d4851a1d" relativeResultsDirectory="c15c098c-93ae-48a4-9b46-d9daab6062a9" />
    <UnitTestResult executionId="102aa95c-bb5d-4099-ae55-f885c1b5f44e" testId="1f0b74d8-1cd5-585a-1584-08e9626d2fb2" testName="TimezoneUtility.Unit.Services.BatchConversion.BatchTimestampInterpreterTests.STS_004_B1_ExplicitOffset_TakesPrecedenceOverSourceTimezone" computerName="task-execution-f861e733-14c7-4eb2-8d27-f13e7e4fda85" duration="00:00:00.0007460" startTime="2026-09-21T15:10:37.6962718+00:00" endTime="2026-09-21T15:10:37.6962718+00:00" testType="13cdc9d9-ddb5-4fa4-a97d-d965ccfc6d4b" outcome="Passed" testListId="8c84fa94-04c1-424b-9868-57a2d4851a1d" relativeResultsDirectory="102aa95c-bb5d-4099-ae55-f885c1b5f44e" />
    <UnitTestResult executionId="458e29a3-9573-4101-9905-c6d85b238b18" testId="4c0ca501-6ba6-3a1d-52e4-d514fc51f5f3" testName="TimezoneUtility.Unit.Services.BatchConversion.SuccessfulResultFormatterTests.STS_008_A1_Result_ContainsOriginalValuesAndConvertedFields" computerName="task-execution-f861e733-14c7-4eb2-8d27-f13e7e4fda85" duration="00:00:00.0010264" startTime="2026-09-21T15:10:37.6892355+00:00" endTime="2026-09-21T15:10:37.6892355+00:00" testType="13cdc9d9-ddb5-4fa4-a97d-d965ccfc6d4b" outcome="Passed" testListId="8c84fa94-04c1-424b-9868-57a2d4851a1d" relativeResultsDirectory="458e29a3-9573-4101-9905-c6d85b238b18" />
    <UnitTestResult executionId="c46273a2-f709-47d0-8aa1-911d54bb56c9" testId="409fbf05-d24b-0c66-a9a6-ec6a1224e173" testName="TimezoneUtility.Unit.Services.BatchConversion.CsvBatchReaderTests.STS_002_A2_UnresolvableHeader_ReturnsFileLevelError_NoRowsProcessed" computerName="task-execution-f861e733-14c7-4eb2-8d27-f13e7e4fda85" duration="00:00:00.0008904" startTime="2026-09-21T15:10:37.6887111+00:00" endTime="2026-09-21T15:10:37.6887111+00:00" testType="13cdc9d9-ddb5-4fa4-a97d-d965ccfc6d4b" outcome="Passed" testListId="8c84fa94-04c1-424b-9868-57a2d4851a1d" relativeResultsDirectory="c46273a2-f709-47d0-8aa1-911d54bb56c9" />
    <UnitTestResult executionId="d2eb489a-28c2-4157-a5ec-3ea3312e4fdc" testId="18586f6c-2afe-ff3c-66e7-90f9959da161" testName="TimezoneUtility.Unit.Services.BatchConversion.BatchRowProcessorTests.STS_006_A1_ConversionThrows_RowIsRoutedToInvalid_OtherRowsUnaffected" computerName="task-execution-f861e733-14c7-4eb2-8d27-f13e7e4fda85" duration="00:00:00.0188885" startTime="2026-09-21T15:10:37.6888751+00:00" endTime="2026-09-21T15:10:37.6888751+00:00" testType="13cdc9d9-ddb5-4fa4-a97d-d965ccfc6d4b" outcome="Passed" testListId="8c84fa94-04c1-424b-9868-57a2d4851a1d" relativeResultsDirectory="d2eb489a-28c2-4157-a5ec-3ea3312e4fdc" />
    <UnitTestResult executionId="aa4ddf0a-4f85-4628-8d45-404a4c9eac52" testId="8670df7a-26bc-5c4d-bddc-8c62d4e2c469" testName="TimezoneUtility.Unit.Services.BatchConversion.BatchRowValidatorTests.REQ_015_MissingSourceTimezone_FailsIdentifyingTheField" computerName="task-execution-f861e733-14c7-4eb2-8d27-f13e7e4fda85" duration="00:00:00.0000825" startTime="2026-09-21T15:10:37.6889051+00:00" endTime="2026-09-21T15:10:37.6889051+00:00" testType="13cdc9d9-ddb5-4fa4-a97d-d965ccfc6d4b" outcome="Passed" testListId="8c84fa94-04c1-424b-9868-57a2d4851a1d" relativeResultsDirectory="aa4ddf0a-4f85-4628-8d45-404a4c9eac52" />
    <UnitTestResult executionId="83ca8b31-47eb-4b4a-a8ad-875b6381b350" testId="14daf099-5f87-4cd5-aeba-47e8a461558e" testName="TimezoneUtility.Unit.Services.BatchConversion.BatchRunSummaryGeneratorTests.AllFailed_SucceededCountIsZero" computerName="task-execution-f861e733-14c7-4eb2-8d27-f13e7e4fda85" duration="00:00:00.0081999" startTime="2026-09-21T15:10:37.6644840+00:00" endTime="2026-09-21T15:10:37.6644841+00:00" testType="13cdc9d9-ddb5-4fa4-a97d-d965ccfc6d4b" outcome="Passed" testListId="8c84fa94-04c1-424b-9868-57a2d4851a1d" relativeResultsDirectory="83ca8b31-47eb-4b4a-a8ad-875b6381b350" />
    <UnitTestResult executionId="5dbaf6db-05fc-496a-a6bc-c4243ecb064e" testId="5fa40a7e-9df8-eab4-f91e-70b910b3b2dc" testName="TimezoneUtility.Unit.Services.BatchConversion.InvalidRowReporterTests.STS_007_B1_50Of200Rows_EachProducesDistinctEntry_ZeroOmitted" computerName="task-execution-f861e733-14c7-4eb2-8d27-f13e7e4fda85" duration="00:00:00.0030717" startTime="2026-09-21T15:10:37.6886108+00:00" endTime="2026-09-21T15:10:37.6886108+00:00" testType="13cdc9d9-ddb5-4fa4-a97d-d965ccfc6d4b" outcome="Passed" testListId="8c84fa94-04c1-424b-9868-57a2d4851a1d" relativeResultsDirectory="5dbaf6db-05fc-496a-a6bc-c4243ecb064e" />
    <UnitTestResult executionId="a7165f7a-3b42-4641-9dcb-23eb3cbc2b55" testId="34a2213c-5695-aff4-938b-a6a56464b6b6" testName="TimezoneUtility.Unit.Services.BatchConversion.CsvBatchReaderTests.STS_002_A1_HeaderColumnsResolvedByName_OrderIndependent_ExtraColumnIgnored" computerName="task-execution-f861e733-14c7-4eb2-8d27-f13e7e4fda85" duration="00:00:00.0011818" startTime="2026-09-21T15:10:37.6884107+00:00" endTime="2026-09-21T15:10:37.6884107+00:00" testType="13cdc9d9-ddb5-4fa4-a97d-d965ccfc6d4b" outcome="Passed" testListId="8c84fa94-04c1-424b-9868-57a2d4851a1d" relativeResultsDirectory="a7165f7a-3b42-4641-9dcb-23eb3cbc2b55" />
    <UnitTestResult executionId="5a3747f3-fd08-4a4a-b0e9-285f239f404d" testId="1aa0b625-6feb-64af-7249-819ed02f607e" testName="TimezoneUtility.Unit.Services.BatchConversion.CsvBatchReaderTests.STS_001_A1_MissingFile_ReturnsFileLevelError" computerName="task-execution-f861e733-14c7-4eb2-8d27-f13e7e4fda85" duration="00:00:00.0022026" startTime="2026-09-21T15:10:37.6883701+00:00" endTime="2026-09-21T15:10:37.6883701+00:00" testType="13cdc9d9-ddb5-4fa4-a97d-d965ccfc6d4b" outcome="Passed" testListId="8c84fa94-04c1-424b-9868-57a2d4851a1d" relativeResultsDirectory="5a3747f3-fd08-4a4a-b0e9-285f239f404d" />
    <UnitTestResult executionId="68aeb30a-36c1-476f-a437-38a17d1e821e" testId="aedc13a2-9e77-0b9b-4c2e-405495c5f686" testName="TimezoneUtility.Unit.Services.BatchConversion.BatchRunSummaryGeneratorTests.STS_010_A2_PartiallySucceeded_BothCountsGreaterThanZero" computerName="task-execution-f861e733-14c7-4eb2-8d27-f13e7e4fda85" duration="00:00:00.0003824" startTime="2026-09-21T15:10:37.6872063+00:00" endTime="2026-09-21T15:10:37.6872064+00:00" testType="13cdc9d9-ddb5-4fa4-a97d-d965ccfc6d4b" outcome="Passed" testListId="8c84fa94-04c1-424b-9868-57a2d4851a1d" relativeResultsDirectory="68aeb30a-36c1-476f-a437-38a17d1e821e" />
    <UnitTestResult executionId="4d331f8e-6e2c-461d-918b-13b4e2f15d14" testId="7a1a073e-4b3f-161c-e806-029b4d3cba98" testName="TimezoneUtility.Unit.Services.BatchConversion.BatchTimestampInterpreterTests.STS_004_A1_NoExplicitOffset_IsInterpretedAsLocalToSourceTimezone" computerName="task-execution-f861e733-14c7-4eb2-8d27-f13e7e4fda85" duration="00:00:00.0018382" startTime="2026-09-21T15:10:37.6953287+00:00" endTime="2026-09-21T15:10:37.6953288+00:00" testType="13cdc9d9-ddb5-4fa4-a97d-d965ccfc6d4b" outcome="Passed" testListId="8c84fa94-04c1-424b-9868-57a2d4851a1d" relativeResultsDirectory="4d331f8e-6e2c-461d-918b-13b4e2f15d14" />
    <UnitTestResult executionId="ac7d092e-0305-404c-bc64-8e80d3160ff7" testId="7718f4bd-53a5-cc88-9306-04701a1d2164" testName="TimezoneUtility.Unit.Services.BatchConversion.ModelInvariantTests.REQ_021_REQ_022_BatchRunSummary_TotalRowsEqualsSucceededPlusFailed(succeeded: 0, failed: 5)" computerName="task-execution-f861e733-14c7-4eb2-8d27-f13e7e4fda85" duration="00:00:00.0000013" startTime="2026-09-21T15:10:37.6871651+00:00" endTime="2026-09-21T15:10:37.6871651+00:00" testType="13cdc9d9-ddb5-4fa4-a97d-d965ccfc6d4b" outcome="Passed" testListId="8c84fa94-04c1-424b-9868-57a2d4851a1d" relativeResultsDirectory="ac7d092e-0305-404c-bc64-8e80d3160ff7" />
    <UnitTestResult executionId="43b46881-19c9-4d3b-bafc-f9d545774f1a" testId="d2124d37-75ab-e29b-2b5a-f11cb544fe36" testName="TimezoneUtility.Unit.Services.BatchConversion.InvalidRowReporterTests.REQ_014_UnrecognizedTimezoneReason_ContainsTheOffendingValue" computerName="task-execution-f861e733-14c7-4eb2-8d27-f13e7e4fda85" duration="00:00:00.0007094" startTime="2026-09-21T15:10:37.6882993+00:00" endTime="2026-09-21T15:10:37.6882994+00:00" testType="13cdc9d9-ddb5-4fa4-a97d-d965ccfc6d4b" outcome="Passed" testListId="8c84fa94-04c1-424b-9868-57a2d4851a1d" relativeResultsDirectory="43b46881-19c9-4d3b-bafc-f9d545774f1a" />
    <UnitTestResult executionId="21648128-f734-4f12-885f-a93870e32aa2" testId="348348fe-7f48-658d-3153-bda8e906b95e" testName="TimezoneUtility.Unit.Services.BatchConversion.SuccessfulResultFormatterTests.STS_005_A2_SameTimezone_NoOp_ProducesUnchangedTimestamp" computerName="task-execution-f861e733-14c7-4eb2-8d27-f13e7e4fda85" duration="00:00:00.0001979" startTime="2026-09-21T15:10:37.6892486+00:00" endTime="2026-09-21T15:10:37.6892486+00:00" testType="13cdc9d9-ddb5-4fa4-a97d-d965ccfc6d4b" outcome="Passed" testListId="8c84fa94-04c1-424b-9868-57a2d4851a1d" relativeResultsDirectory="21648128-f734-4f12-885f-a93870e32aa2" />
    <UnitTestResult executionId="7e7c193c-6728-4773-b767-e95f9649166d" testId="e2aeeef7-e2af-c84f-1c7a-d5b7cd4c476b" testName="TimezoneUtility.Unit.Services.BatchConversion.ModelInvariantTests.REQ_021_REQ_022_BatchRunSummary_TotalRowsEqualsSucceededPlusFailed(succeeded: 5, failed: 0)" computerName="task-execution-f861e733-14c7-4eb2-8d27-f13e7e4fda85" duration="00:00:00.0090536" startTime="2026-09-21T15:10:37.6651034+00:00" endTime="2026-09-21T15:10:37.6651034+00:00" testType="13cdc9d9-ddb5-4fa4-a97d-d965ccfc6d4b" outcome="Passed" testListId="8c84fa94-04c1-424b-9868-57a2d4851a1d" relativeResultsDirectory="7e7c193c-6728-4773-b767-e95f9649166d" />
    <UnitTestResult executionId="60e14187-f16f-47c2-8311-ca67f414b9c2" testId="7234e5e4-4b1a-e3a5-b894-7b12b0c07eb3" testName="TimezoneUtility.Unit.Services.BatchConversion.InvalidRowReporterTests.STS_007_A1_ReportedEntry_ContainsRowNumberAndReason" computerName="task-execution-f861e733-14c7-4eb2-8d27-f13e7e4fda85" duration="00:00:00.0093002" startTime="2026-09-21T15:10:37.6650992+00:00" endTime="2026-09-21T15:10:37.6650992+00:00" testType="13cdc9d9-ddb5-4fa4-a97d-d965ccfc6d4b" outcome="Passed" testListId="8c84fa94-04c1-424b-9868-57a2d4851a1d" relativeResultsDirectory="60e14187-f16f-47c2-8311-ca67f414b9c2" />
    <UnitTestResult executionId="9dc62608-73ea-4893-b0cc-77159bf42b4f" testId="78cedbc1-cd50-dd36-9de3-91336d00a456" testName="TimezoneUtility.Unit.Services.BatchConversion.BatchTimestampInterpreterTests.UnparseableTimestamp_ReturnsFalse" computerName="task-execution-f861e733-14c7-4eb2-8d27-f13e7e4fda85" duration="00:00:00.0433734" startTime="2026-09-21T15:10:37.6934137+00:00" endTime="2026-09-21T15:10:37.6934138+00:00" testType="13cdc9d9-ddb5-4fa4-a97d-d965ccfc6d4b" outcome="Passed" testListId="8c84fa94-04c1-424b-9868-57a2d4851a1d" relativeResultsDirectory="9dc62608-73ea-4893-b0cc-77159bf42b4f" />
    <UnitTestResult executionId="4711825f-9dc9-47fd-b050-79c4d015cb1f" testId="aac64e10-8034-ec05-e9ed-b4a87bb32046" testName="TimezoneUtility.Unit.Services.BatchConversion.CsvBatchReaderTests.STS_002_B1_HeaderOnlyFile_ResolvesSuccessfullyWithZeroRows" computerName="task-execution-f861e733-14c7-4eb2-8d27-f13e7e4fda85" duration="00:00:00.0009029" startTime="2026-09-21T15:10:37.6886749+00:00" endTime="2026-09-21T15:10:37.6886750+00:00" testType="13cdc9d9-ddb5-4fa4-a97d-d965ccfc6d4b" outcome="Passed" testListId="8c84fa94-04c1-424b-9868-57a2d4851a1d" relativeResultsDirectory="4711825f-9dc9-47fd-b050-79c4d015cb1f" />
    <UnitTestResult executionId="5cbba640-a8ea-45f0-aa19-d7c6d18a128d" testId="5e22a062-b6d4-c754-b6ca-a20d82b93d1f" testName="TimezoneUtility.Unit.Services.BatchConversion.CsvBatchReaderTests.REQ_028_EntirelyBlankRow_IsSkipped_NotCountedAsARow" computerName="task-execution-f861e733-14c7-4eb2-8d27-f13e7e4fda85" duration="00:00:00.0081352" startTime="2026-09-21T15:10:37.6650888+00:00" endTime="2026-09-21T15:10:37.6650888+00:00" testType="13cdc9d9-ddb5-4fa4-a97d-d965ccfc6d4b" outcome="Passed" testListId="8c84fa94-04c1-424b-9868-57a2d4851a1d" relativeResultsDirectory="5cbba640-a8ea-45f0-aa19-d7c6d18a128d" />
    <UnitTestResult executionId="a5873f74-53c1-4567-88ba-3bca1494d2c9" testId="be01a04f-f400-1ffa-befb-babada64c76a" testName="TimezoneUtility.Unit.Services.BatchConversion.BatchRunSummaryGeneratorTests.STS_010_A1_AllSucceeded_DisplaysExplicitZeroFailedCount" computerName="task-execution-f861e733-14c7-4eb2-8d27-f13e7e4fda85" duration="00:00:00.0000956" startTime="2026-09-21T15:10:37.6886446+00:00" endTime="2026-09-21T15:10:37.6886446+00:00" testType="13cdc9d9-ddb5-4fa4-a97d-d965ccfc6d4b" outcome="Passed" testListId="8c84fa94-04c1-424b-9868-57a2d4851a1d" relativeResultsDirectory="a5873f74-53c1-4567-88ba-3bca1494d2c9" />
    <UnitTestResult executionId="aee3814c-81f5-4951-8d5b-20b5970383d4" testId="1bec9231-2a12-05fc-5504-7c0771163230" testName="TimezoneUtility.Unit.Services.BatchConversion.BatchRowValidatorTests.REQ_015_MissingTimestamp_FailsIdentifyingTheField" computerName="task-execution-f861e733-14c7-4eb2-8d27-f13e7e4fda85" duration="00:00:00.0081003" startTime="2026-09-21T15:10:37.6616734+00:00" endTime="2026-09-21T15:10:37.6616863+00:00" testType="13cdc9d9-ddb5-4fa4-a97d-d965ccfc6d4b" outcome="Passed" testListId="8c84fa94-04c1-424b-9868-57a2d4851a1d" relativeResultsDirectory="aee3814c-81f5-4951-8d5b-20b5970383d4" />
  </Results>
  <TestDefinitions>
    <UnitTest name="TimezoneUtility.Unit.Services.BatchConversion.SuccessfulResultFormatterTests.STS_008_A1_Result_ContainsOriginalValuesAndConvertedFields" storage="/workdir/repositories/spec-kit-dotnet-cli-demo/tests/timezoneutility.unit/bin/debug/net8.0/timezoneutility.unit.dll" id="4c0ca501-6ba6-3a1d-52e4-d514fc51f5f3">
      <Execution id="458e29a3-9573-4101-9905-c6d85b238b18" />
      <TestMethod codeBase="/workdir/repositories/spec-kit-dotnet-cli-demo/tests/TimezoneUtility.Unit/bin/Debug/net8.0/TimezoneUtility.Unit.dll" adapterTypeName="executor://xunit/VsTestRunner2/netcoreapp" className="TimezoneUtility.Unit.Services.BatchConversion.SuccessfulResultFormatterTests" name="STS_008_A1_Result_ContainsOriginalValuesAndConvertedFields" />
    </UnitTest>
    <UnitTest name="TimezoneUtility.Unit.Services.BatchConversion.BatchRowProcessorTests.STS_006_A1_ConversionThrows_RowIsRoutedToInvalid_OtherRowsUnaffected" storage="/workdir/repositories/spec-kit-dotnet-cli-demo/tests/timezoneutility.unit/bin/debug/net8.0/timezoneutility.unit.dll" id="18586f6c-2afe-ff3c-66e7-90f9959da161">
      <Execution id="d2eb489a-28c2-4157-a5ec-3ea3312e4fdc" />
      <TestMethod codeBase="/workdir/repositories/spec-kit-dotnet-cli-demo/tests/TimezoneUtility.Unit/bin/Debug/net8.0/TimezoneUtility.Unit.dll" adapterTypeName="executor://xunit/VsTestRunner2/netcoreapp" className="TimezoneUtility.Unit.Services.BatchConversion.BatchRowProcessorTests" name="STS_006_A1_ConversionThrows_RowIsRoutedToInvalid_OtherRowsUnaffected" />
    </UnitTest>
    <UnitTest name="TimezoneUtility.Unit.Services.BatchConversion.BatchRowValidatorTests.STS_003_A2_UnrecognizedSourceTimezone_FailsWithFieldSpecificReason" storage="/workdir/repositories/spec-kit-dotnet-cli-demo/tests/timezoneutility.unit/bin/debug/net8.0/timezoneutility.unit.dll" id="d3d9ce95-4943-1d77-b14a-2d1ad4a1e9d3">
      <Execution id="75ef08ab-dc40-4d39-b78d-615e3c8ff92a" />
      <TestMethod codeBase="/workdir/repositories/spec-kit-dotnet-cli-demo/tests/TimezoneUtility.Unit/bin/Debug/net8.0/TimezoneUtility.Unit.dll" adapterTypeName="executor://xunit/VsTestRunner2/netcoreapp" className="TimezoneUtility.Unit.Services.BatchConversion.BatchRowValidatorTests" name="STS_003_A2_UnrecognizedSourceTimezone_FailsWithFieldSpecificReason" />
    </UnitTest>
    <UnitTest name="TimezoneUtility.Unit.Services.BatchConversion.BatchRunSummaryGeneratorTests.REQ_NF_003_TwoCountsAloneClassifyTheRun(succeeded: 5, failed: 0)" storage="/workdir/repositories/spec-kit-dotnet-cli-demo/tests/timezoneutility.unit/bin/debug/net8.0/timezoneutility.unit.dll" id="b6072c66-7ade-8f42-cb4c-1cf0aa26b76f">
      <Execution id="114c52a9-4766-4ad3-94d6-b47759211e07" />
      <TestMethod codeBase="/workdir/repositories/spec-kit-dotnet-cli-demo/tests/TimezoneUtility.Unit/bin/Debug/net8.0/TimezoneUtility.Unit.dll" adapterTypeName="executor://xunit/VsTestRunner2/netcoreapp" className="TimezoneUtility.Unit.Services.BatchConversion.BatchRunSummaryGeneratorTests" name="REQ_NF_003_TwoCountsAloneClassifyTheRun" />
    </UnitTest>
    <UnitTest name="TimezoneUtility.Unit.Services.BatchConversion.BatchRunSummaryGeneratorTests.STS_010_A1_AllSucceeded_DisplaysExplicitZeroFailedCount" storage="/workdir/repositories/spec-kit-dotnet-cli-demo/tests/timezoneutility.unit/bin/debug/net8.0/timezoneutility.unit.dll" id="be01a04f-f400-1ffa-befb-babada64c76a">
      <Execution id="a5873f74-53c1-4567-88ba-3bca1494d2c9" />
      <TestMethod codeBase="/workdir/repositories/spec-kit-dotnet-cli-demo/tests/TimezoneUtility.Unit/bin/Debug/net8.0/TimezoneUtility.Unit.dll" adapterTypeName="executor://xunit/VsTestRunner2/netcoreapp" className="TimezoneUtility.Unit.Services.BatchConversion.BatchRunSummaryGeneratorTests" name="STS_010_A1_AllSucceeded_DisplaysExplicitZeroFailedCount" />
    </UnitTest>
    <UnitTest name="TimezoneUtility.Unit.Services.BatchConversion.InvalidRowReporterTests.REQ_014_UnrecognizedTimezoneReason_ContainsTheOffendingValue" storage="/workdir/repositories/spec-kit-dotnet-cli-demo/tests/timezoneutility.unit/bin/debug/net8.0/timezoneutility.unit.dll" id="d2124d37-75ab-e29b-2b5a-f11cb544fe36">
      <Execution id="43b46881-19c9-4d3b-bafc-f9d545774f1a" />
      <TestMethod codeBase="/workdir/repositories/spec-kit-dotnet-cli-demo/tests/TimezoneUtility.Unit/bin/Debug/net8.0/TimezoneUtility.Unit.dll" adapterTypeName="executor://xunit/VsTestRunner2/netcoreapp" className="TimezoneUtility.Unit.Services.BatchConversion.InvalidRowReporterTests" name="REQ_014_UnrecognizedTimezoneReason_ContainsTheOffendingValue" />
    </UnitTest>
    <UnitTest name="TimezoneUtility.Unit.Services.BatchConversion.BatchRowValidatorTests.STS_003_B1_FullyValidRow_Passes" storage="/workdir/repositories/spec-kit-dotnet-cli-demo/tests/timezoneutility.unit/bin/debug/net8.0/timezoneutility.unit.dll" id="6f5cb38b-13e3-c68b-b64b-f35b94349464">
      <Execution id="4fe6515c-11d0-4058-ab8d-37a1434c2a2d" />
      <TestMethod codeBase="/workdir/repositories/spec-kit-dotnet-cli-demo/tests/TimezoneUtility.Unit/bin/Debug/net8.0/TimezoneUtility.Unit.dll" adapterTypeName="executor://xunit/VsTestRunner2/netcoreapp" className="TimezoneUtility.Unit.Services.BatchConversion.BatchRowValidatorTests" name="STS_003_B1_FullyValidRow_Passes" />
    </UnitTest>
    <UnitTest name="TimezoneUtility.Unit.Services.BatchConversion.BatchRowValidatorTests.STS_003_B2_ValidIanaIdentifiers_AreRecognized" storage="/workdir/repositories/spec-kit-dotnet-cli-demo/tests/timezoneutility.unit/bin/debug/net8.0/timezoneutility.unit.dll" id="eb8b225e-7334-7fe1-ba56-323c801bdb86">
      <Execution id="184010ff-911f-48e0-8961-3926cdacc908" />
      <TestMethod codeBase="/workdir/repositories/spec-kit-dotnet-cli-demo/tests/TimezoneUtility.Unit/bin/Debug/net8.0/TimezoneUtility.Unit.dll" adapterTypeName="executor://xunit/VsTestRunner2/netcoreapp" className="TimezoneUtility.Unit.Services.BatchConversion.BatchRowValidatorTests" name="STS_003_B2_ValidIanaIdentifiers_AreRecognized" />
    </UnitTest>
    <UnitTest name="TimezoneUtility.Unit.Services.BatchConversion.ModelInvariantTests.InvalidRowRecord_HoldsRowNumberAndReason" storage="/workdir/repositories/spec-kit-dotnet-cli-demo/tests/timezoneutility.unit/bin/debug/net8.0/timezoneutility.unit.dll" id="4b3c16ad-a3f4-f111-8906-2902a5294319">
      <Execution id="9f56fe5e-0244-4604-b1b5-d21addb2f2bb" />
      <TestMethod codeBase="/workdir/repositories/spec-kit-dotnet-cli-demo/tests/TimezoneUtility.Unit/bin/Debug/net8.0/TimezoneUtility.Unit.dll" adapterTypeName="executor://xunit/VsTestRunner2/netcoreapp" className="TimezoneUtility.Unit.Services.BatchConversion.ModelInvariantTests" name="InvalidRowRecord_HoldsRowNumberAndReason" />
    </UnitTest>
    <UnitTest name="TimezoneUtility.Unit.Services.BatchConversion.CsvBatchReaderTests.REQ_028_EntirelyBlankRow_IsSkipped_NotCountedAsARow" storage="/workdir/repositories/spec-kit-dotnet-cli-demo/tests/timezoneutility.unit/bin/debug/net8.0/timezoneutility.unit.dll" id="5e22a062-b6d4-c754-b6ca-a20d82b93d1f">
      <Execution id="5cbba640-a8ea-45f0-aa19-d7c6d18a128d" />
      <TestMethod codeBase="/workdir/repositories/spec-kit-dotnet-cli-demo/tests/TimezoneUtility.Unit/bin/Debug/net8.0/TimezoneUtility.Unit.dll" adapterTypeName="executor://xunit/VsTestRunner2/netcoreapp" className="TimezoneUtility.Unit.Services.BatchConversion.CsvBatchReaderTests" name="REQ_028_EntirelyBlankRow_IsSkipped_NotCountedAsARow" />
    </UnitTest>
    <UnitTest name="TimezoneUtility.Unit.Services.BatchConversion.BatchRowValidatorTests.REQ_015_MissingTargetTimezone_FailsIdentifyingTheField" storage="/workdir/repositories/spec-kit-dotnet-cli-demo/tests/timezoneutility.unit/bin/debug/net8.0/timezoneutility.unit.dll" id="53e99a33-480c-d0df-be01-610388c4f4da">
      <Execution id="9744abdd-1c96-4264-b98d-424b9a77367c" />
      <TestMethod codeBase="/workdir/repositories/spec-kit-dotnet-cli-demo/tests/TimezoneUtility.Unit/bin/Debug/net8.0/TimezoneUtility.Unit.dll" adapterTypeName="executor://xunit/VsTestRunner2/netcoreapp" className="TimezoneUtility.Unit.Services.BatchConversion.BatchRowValidatorTests" name="REQ_015_MissingTargetTimezone_FailsIdentifyingTheField" />
    </UnitTest>
    <UnitTest name="TimezoneUtility.Unit.Services.BatchConversion.ModelInvariantTests.REQ_025_RowConversionResult_ConvertedLocalDateTime_ReflectsDateBoundaryCrossing" storage="/workdir/repositories/spec-kit-dotnet-cli-demo/tests/timezoneutility.unit/bin/debug/net8.0/timezoneutility.unit.dll" id="88a5291a-312f-e746-e51b-974e8f15ab62">
      <Execution id="572227de-42b6-425e-a13b-aaca75953ef6" />
      <TestMethod codeBase="/workdir/repositories/spec-kit-dotnet-cli-demo/tests/TimezoneUtility.Unit/bin/Debug/net8.0/TimezoneUtility.Unit.dll" adapterTypeName="executor://xunit/VsTestRunner2/netcoreapp" className="TimezoneUtility.Unit.Services.BatchConversion.ModelInvariantTests" name="REQ_025_RowConversionResult_ConvertedLocalDateTime_ReflectsDateBoundaryCrossing" />
    </UnitTest>
    <UnitTest name="TimezoneUtility.Unit.Services.BatchConversion.ModelInvariantTests.REQ_021_REQ_022_BatchRunSummary_TotalRowsEqualsSucceededPlusFailed(succeeded: 5, failed: 0)" storage="/workdir/repositories/spec-kit-dotnet-cli-demo/tests/timezoneutility.unit/bin/debug/net8.0/timezoneutility.unit.dll" id="e2aeeef7-e2af-c84f-1c7a-d5b7cd4c476b">
      <Execution id="7e7c193c-6728-4773-b767-e95f9649166d" />
      <TestMethod codeBase="/workdir/repositories/spec-kit-dotnet-cli-demo/tests/TimezoneUtility.Unit/bin/Debug/net8.0/TimezoneUtility.Unit.dll" adapterTypeName="executor://xunit/VsTestRunner2/netcoreapp" className="TimezoneUtility.Unit.Services.BatchConversion.ModelInvariantTests" name="REQ_021_REQ_022_BatchRunSummary_TotalRowsEqualsSucceededPlusFailed" />
    </UnitTest>
    <UnitTest name="TimezoneUtility.Unit.Services.BatchConversion.BatchTimestampInterpreterTests.STS_004_B1_ExplicitOffset_TakesPrecedenceOverSourceTimezone" storage="/workdir/repositories/spec-kit-dotnet-cli-demo/tests/timezoneutility.unit/bin/debug/net8.0/timezoneutility.unit.dll" id="1f0b74d8-1cd5-585a-1584-08e9626d2fb2">
      <Execution id="102aa95c-bb5d-4099-ae55-f885c1b5f44e" />
      <TestMethod codeBase="/workdir/repositories/spec-kit-dotnet-cli-demo/tests/TimezoneUtility.Unit/bin/Debug/net8.0/TimezoneUtility.Unit.dll" adapterTypeName="executor://xunit/VsTestRunner2/netcoreapp" className="TimezoneUtility.Unit.Services.BatchConversion.BatchTimestampInterpreterTests" name="STS_004_B1_ExplicitOffset_TakesPrecedenceOverSourceTimezone" />
    </UnitTest>
    <UnitTest name="TimezoneUtility.Unit.Services.BatchConversion.BatchRowValidatorTests.REQ_015_MissingSourceTimezone_FailsIdentifyingTheField" storage="/workdir/repositories/spec-kit-dotnet-cli-demo/tests/timezoneutility.unit/bin/debug/net8.0/timezoneutility.unit.dll" id="8670df7a-26bc-5c4d-bddc-8c62d4e2c469">
      <Execution id="aa4ddf0a-4f85-4628-8d45-404a4c9eac52" />
      <TestMethod codeBase="/workdir/repositories/spec-kit-dotnet-cli-demo/tests/TimezoneUtility.Unit/bin/Debug/net8.0/TimezoneUtility.Unit.dll" adapterTypeName="executor://xunit/VsTestRunner2/netcoreapp" className="TimezoneUtility.Unit.Services.BatchConversion.BatchRowValidatorTests" name="REQ_015_MissingSourceTimezone_FailsIdentifyingTheField" />
    </UnitTest>
    <UnitTest name="TimezoneUtility.Unit.Services.BatchConversion.BatchRunSummaryGeneratorTests.REQ_NF_003_TwoCountsAloneClassifyTheRun(succeeded: 3, failed: 2)" storage="/workdir/repositories/spec-kit-dotnet-cli-demo/tests/timezoneutility.unit/bin/debug/net8.0/timezoneutility.unit.dll" id="ac54ae97-bf03-9e52-b034-ed50f91fe0e4">
      <Execution id="c741febf-1858-477b-bdad-ae941a85e961" />
      <TestMethod codeBase="/workdir/repositories/spec-kit-dotnet-cli-demo/tests/TimezoneUtility.Unit/bin/Debug/net8.0/TimezoneUtility.Unit.dll" adapterTypeName="executor://xunit/VsTestRunner2/netcoreapp" className="TimezoneUtility.Unit.Services.BatchConversion.BatchRunSummaryGeneratorTests" name="REQ_NF_003_TwoCountsAloneClassifyTheRun" />
    </UnitTest>
    <UnitTest name="TimezoneUtility.Unit.Services.BatchConversion.BatchRunSummaryGeneratorTests.STS_010_B1_IncompleteFailedRowCount_SummaryReflectsIncompleteCountNotTrueCount" storage="/workdir/repositories/spec-kit-dotnet-cli-demo/tests/timezoneutility.unit/bin/debug/net8.0/timezoneutility.unit.dll" id="fabd92b0-32fe-15aa-b3df-ab25f3eaab54">
      <Execution id="e6f5e515-8809-492c-bf2e-47cba28c24a5" />
      <TestMethod codeBase="/workdir/repositories/spec-kit-dotnet-cli-demo/tests/TimezoneUtility.Unit/bin/Debug/net8.0/TimezoneUtility.Unit.dll" adapterTypeName="executor://xunit/VsTestRunner2/netcoreapp" className="TimezoneUtility.Unit.Services.BatchConversion.BatchRunSummaryGeneratorTests" name="STS_010_B1_IncompleteFailedRowCount_SummaryReflectsIncompleteCountNotTrueCount" />
    </UnitTest>
    <UnitTest name="TimezoneUtility.Unit.Services.BatchConversion.BatchRunSummaryGeneratorTests.AllFailed_SucceededCountIsZero" storage="/workdir/repositories/spec-kit-dotnet-cli-demo/tests/timezoneutility.unit/bin/debug/net8.0/timezoneutility.unit.dll" id="14daf099-5f87-4cd5-aeba-47e8a461558e">
      <Execution id="83ca8b31-47eb-4b4a-a8ad-875b6381b350" />
      <TestMethod codeBase="/workdir/repositories/spec-kit-dotnet-cli-demo/tests/TimezoneUtility.Unit/bin/Debug/net8.0/TimezoneUtility.Unit.dll" adapterTypeName="executor://xunit/VsTestRunner2/netcoreapp" className="TimezoneUtility.Unit.Services.BatchConversion.BatchRunSummaryGeneratorTests" name="AllFailed_SucceededCountIsZero" />
    </UnitTest>
    <UnitTest name="TimezoneUtility.Unit.Services.BatchConversion.BatchRowValidatorTests.REQ_010_UnrecognizedTargetTimezone_Fails" storage="/workdir/repositories/spec-kit-dotnet-cli-demo/tests/timezoneutility.unit/bin/debug/net8.0/timezoneutility.unit.dll" id="98a3504b-f8fc-4049-9cd2-50f44dfbb96e">
      <Execution id="93f73f40-7284-4850-bec7-d7afb91ee33c" />
      <TestMethod codeBase="/workdir/repositories/spec-kit-dotnet-cli-demo/tests/TimezoneUtility.Unit/bin/Debug/net8.0/TimezoneUtility.Unit.dll" adapterTypeName="executor://xunit/VsTestRunner2/netcoreapp" className="TimezoneUtility.Unit.Services.BatchConversion.BatchRowValidatorTests" name="REQ_010_UnrecognizedTargetTimezone_Fails" />
    </UnitTest>
    <UnitTest name="TimezoneUtility.Unit.Services.BatchConversion.BatchRowProcessorTests.STS_005_C1_UnderlyingConversionEngineThrows_RowIsIsolatedAsFailure" storage="/workdir/repositories/spec-kit-dotnet-cli-demo/tests/timezoneutility.unit/bin/debug/net8.0/timezoneutility.unit.dll" id="f5a456b5-25ea-feb9-8970-06fd2387655d">
      <Execution id="d6c68700-cefc-4e40-aeea-ce29976035e9" />
      <TestMethod codeBase="/workdir/repositories/spec-kit-dotnet-cli-demo/tests/TimezoneUtility.Unit/bin/Debug/net8.0/TimezoneUtility.Unit.dll" adapterTypeName="executor://xunit/VsTestRunner2/netcoreapp" className="TimezoneUtility.Unit.Services.BatchConversion.BatchRowProcessorTests" name="STS_005_C1_UnderlyingConversionEngineThrows_RowIsIsolatedAsFailure" />
    </UnitTest>
    <UnitTest name="TimezoneUtility.Unit.Services.BatchConversion.BatchRunSummaryGeneratorTests.STS_011_B1_HeaderOnlyFile_NoRowsProcessed_TrueAndCountsZero" storage="/workdir/repositories/spec-kit-dotnet-cli-demo/tests/timezoneutility.unit/bin/debug/net8.0/timezoneutility.unit.dll" id="44f1d2e4-a7fb-88e1-a04f-6ffdbae72b2b">
      <Execution id="a64b425b-e427-4352-958c-627a99bb9c1e" />
      <TestMethod codeBase="/workdir/repositories/spec-kit-dotnet-cli-demo/tests/TimezoneUtility.Unit/bin/Debug/net8.0/TimezoneUtility.Unit.dll" adapterTypeName="executor://xunit/VsTestRunner2/netcoreapp" className="TimezoneUtility.Unit.Services.BatchConversion.BatchRunSummaryGeneratorTests" name="STS_011_B1_HeaderOnlyFile_NoRowsProcessed_TrueAndCountsZero" />
    </UnitTest>
    <UnitTest name="TimezoneUtility.Unit.Services.BatchConversion.CsvBatchReaderTests.STS_002_A1_HeaderColumnsResolvedByName_OrderIndependent_ExtraColumnIgnored" storage="/workdir/repositories/spec-kit-dotnet-cli-demo/tests/timezoneutility.unit/bin/debug/net8.0/timezoneutility.unit.dll" id="34a2213c-5695-aff4-938b-a6a56464b6b6">
      <Execution id="a7165f7a-3b42-4641-9dcb-23eb3cbc2b55" />
      <TestMethod codeBase="/workdir/repositories/spec-kit-dotnet-cli-demo/tests/TimezoneUtility.Unit/bin/Debug/net8.0/TimezoneUtility.Unit.dll" adapterTypeName="executor://xunit/VsTestRunner2/netcoreapp" className="TimezoneUtility.Unit.Services.BatchConversion.CsvBatchReaderTests" name="STS_002_A1_HeaderColumnsResolvedByName_OrderIndependent_ExtraColumnIgnored" />
    </UnitTest>
    <UnitTest name="TimezoneUtility.Unit.Services.BatchConversion.BatchRowProcessorTests.REQ_006_REQ_011_REQ_NF_001_MixedBatch_4Valid16Invalid_AllValidRowsSucceed" storage="/workdir/repositories/spec-kit-dotnet-cli-demo/tests/timezoneutility.unit/bin/debug/net8.0/timezoneutility.unit.dll" id="78bb1764-1171-c70a-f37c-34cd7f4d617e">
      <Execution id="c54dcedf-d6a3-454c-92a2-8113e42a67aa" />
      <TestMethod codeBase="/workdir/repositories/spec-kit-dotnet-cli-demo/tests/TimezoneUtility.Unit/bin/Debug/net8.0/TimezoneUtility.Unit.dll" adapterTypeName="executor://xunit/VsTestRunner2/netcoreapp" className="TimezoneUtility.Unit.Services.BatchConversion.BatchRowProcessorTests" name="REQ_006_REQ_011_REQ_NF_001_MixedBatch_4Valid16Invalid_AllValidRowsSucceed" />
    </UnitTest>
    <UnitTest name="TimezoneUtility.Unit.Services.BatchConversion.ModelInvariantTests.REQ_021_REQ_022_BatchRunSummary_TotalRowsEqualsSucceededPlusFailed(succeeded: 3, failed: 2)" storage="/workdir/repositories/spec-kit-dotnet-cli-demo/tests/timezoneutility.unit/bin/debug/net8.0/timezoneutility.unit.dll" id="b68b38b1-b6fc-86c2-8b25-e7917129b700">
      <Execution id="2a67742e-389b-4dc5-aa43-d861ef4919a8" />
      <TestMethod codeBase="/workdir/repositories/spec-kit-dotnet-cli-demo/tests/TimezoneUtility.Unit/bin/Debug/net8.0/TimezoneUtility.Unit.dll" adapterTypeName="executor://xunit/VsTestRunner2/netcoreapp" className="TimezoneUtility.Unit.Services.BatchConversion.ModelInvariantTests" name="REQ_021_REQ_022_BatchRunSummary_TotalRowsEqualsSucceededPlusFailed" />
    </UnitTest>
    <UnitTest name="TimezoneUtility.Unit.Services.BatchConversion.CsvBatchReaderTests.STS_001_A1_MissingFile_ReturnsFileLevelError" storage="/workdir/repositories/spec-kit-dotnet-cli-demo/tests/timezoneutility.unit/bin/debug/net8.0/timezoneutility.unit.dll" id="1aa0b625-6feb-64af-7249-819ed02f607e">
      <Execution id="5a3747f3-fd08-4a4a-b0e9-285f239f404d" />
      <TestMethod codeBase="/workdir/repositories/spec-kit-dotnet-cli-demo/tests/TimezoneUtility.Unit/bin/Debug/net8.0/TimezoneUtility.Unit.dll" adapterTypeName="executor://xunit/VsTestRunner2/netcoreapp" className="TimezoneUtility.Unit.Services.BatchConversion.CsvBatchReaderTests" name="STS_001_A1_MissingFile_ReturnsFileLevelError" />
    </UnitTest>
    <UnitTest name="TimezoneUtility.Unit.Services.BatchConversion.BatchOutputWriterTests.STS_009_A1_TwoOutputArtifacts_ContainExactlyTheirOwnRecordsWithNoIntermixing" storage="/workdir/repositories/spec-kit-dotnet-cli-demo/tests/timezoneutility.unit/bin/debug/net8.0/timezoneutility.unit.dll" id="ac05867c-fd10-b86b-27d9-3f814aa8d84c">
      <Execution id="6365f3a9-7648-4bef-bb4c-02c8543a6007" />
      <TestMethod codeBase="/workdir/repositories/spec-kit-dotnet-cli-demo/tests/TimezoneUtility.Unit/bin/Debug/net8.0/TimezoneUtility.Unit.dll" adapterTypeName="executor://xunit/VsTestRunner2/netcoreapp" className="TimezoneUtility.Unit.Services.BatchConversion.BatchOutputWriterTests" name="STS_009_A1_TwoOutputArtifacts_ContainExactlyTheirOwnRecordsWithNoIntermixing" />
    </UnitTest>
    <UnitTest name="TimezoneUtility.Unit.Services.BatchConversion.InvalidRowReporterTests.STS_007_B1_50Of200Rows_EachProducesDistinctEntry_ZeroOmitted" storage="/workdir/repositories/spec-kit-dotnet-cli-demo/tests/timezoneutility.unit/bin/debug/net8.0/timezoneutility.unit.dll" id="5fa40a7e-9df8-eab4-f91e-70b910b3b2dc">
      <Execution id="5dbaf6db-05fc-496a-a6bc-c4243ecb064e" />
      <TestMethod codeBase="/workdir/repositories/spec-kit-dotnet-cli-demo/tests/TimezoneUtility.Unit/bin/Debug/net8.0/TimezoneUtility.Unit.dll" adapterTypeName="executor://xunit/VsTestRunner2/netcoreapp" className="TimezoneUtility.Unit.Services.BatchConversion.InvalidRowReporterTests" name="STS_007_B1_50Of200Rows_EachProducesDistinctEntry_ZeroOmitted" />
    </UnitTest>
    <UnitTest name="TimezoneUtility.Unit.Services.BatchConversion.BatchRunSummaryGeneratorTests.STS_010_A2_PartiallySucceeded_BothCountsGreaterThanZero" storage="/workdir/repositories/spec-kit-dotnet-cli-demo/tests/timezoneutility.unit/bin/debug/net8.0/timezoneutility.unit.dll" id="aedc13a2-9e77-0b9b-4c2e-405495c5f686">
      <Execution id="68aeb30a-36c1-476f-a437-38a17d1e821e" />
      <TestMethod codeBase="/workdir/repositories/spec-kit-dotnet-cli-demo/tests/TimezoneUtility.Unit/bin/Debug/net8.0/TimezoneUtility.Unit.dll" adapterTypeName="executor://xunit/VsTestRunner2/netcoreapp" className="TimezoneUtility.Unit.Services.BatchConversion.BatchRunSummaryGeneratorTests" name="STS_010_A2_PartiallySucceeded_BothCountsGreaterThanZero" />
    </UnitTest>
    <UnitTest name="TimezoneUtility.Unit.Services.BatchConversion.BatchTimestampInterpreterTests.UnparseableTimestamp_ReturnsFalse" storage="/workdir/repositories/spec-kit-dotnet-cli-demo/tests/timezoneutility.unit/bin/debug/net8.0/timezoneutility.unit.dll" id="78cedbc1-cd50-dd36-9de3-91336d00a456">
      <Execution id="9dc62608-73ea-4893-b0cc-77159bf42b4f" />
      <TestMethod codeBase="/workdir/repositories/spec-kit-dotnet-cli-demo/tests/TimezoneUtility.Unit/bin/Debug/net8.0/TimezoneUtility.Unit.dll" adapterTypeName="executor://xunit/VsTestRunner2/netcoreapp" className="TimezoneUtility.Unit.Services.BatchConversion.BatchTimestampInterpreterTests" name="UnparseableTimestamp_ReturnsFalse" />
    </UnitTest>
    <UnitTest name="TimezoneUtility.Unit.Services.BatchConversion.BatchRunSummaryGeneratorTests.STS_010_B2_HeaderOnlyFile_ProducesNoRowsProcessedMessageNotZeroSummary" storage="/workdir/repositories/spec-kit-dotnet-cli-demo/tests/timezoneutility.unit/bin/debug/net8.0/timezoneutility.unit.dll" id="af6dcef6-602e-b5e0-5981-6902b39b2582">
      <Execution id="ad8a372e-fd7b-4f33-b23d-aeeea9402259" />
      <TestMethod codeBase="/workdir/repositories/spec-kit-dotnet-cli-demo/tests/TimezoneUtility.Unit/bin/Debug/net8.0/TimezoneUtility.Unit.dll" adapterTypeName="executor://xunit/VsTestRunner2/netcoreapp" className="TimezoneUtility.Unit.Services.BatchConversion.BatchRunSummaryGeneratorTests" name="STS_010_B2_HeaderOnlyFile_ProducesNoRowsProcessedMessageNotZeroSummary" />
    </UnitTest>
    <UnitTest name="TimezoneUtility.Unit.Services.BatchConversion.ModelInvariantTests.REQ_021_REQ_022_BatchRunSummary_TotalRowsEqualsSucceededPlusFailed(succeeded: 0, failed: 5)" storage="/workdir/repositories/spec-kit-dotnet-cli-demo/tests/timezoneutility.unit/bin/debug/net8.0/timezoneutility.unit.dll" id="7718f4bd-53a5-cc88-9306-04701a1d2164">
      <Execution id="ac7d092e-0305-404c-bc64-8e80d3160ff7" />
      <TestMethod codeBase="/workdir/repositories/spec-kit-dotnet-cli-demo/tests/TimezoneUtility.Unit/bin/Debug/net8.0/TimezoneUtility.Unit.dll" adapterTypeName="executor://xunit/VsTestRunner2/netcoreapp" className="TimezoneUtility.Unit.Services.BatchConversion.ModelInvariantTests" name="REQ_021_REQ_022_BatchRunSummary_TotalRowsEqualsSucceededPlusFailed" />
    </UnitTest>
    <UnitTest name="TimezoneUtility.Unit.Services.BatchConversion.SuccessfulResultFormatterTests.STS_005_A2_SameTimezone_NoOp_ProducesUnchangedTimestamp" storage="/workdir/repositories/spec-kit-dotnet-cli-demo/tests/timezoneutility.unit/bin/debug/net8.0/timezoneutility.unit.dll" id="348348fe-7f48-658d-3153-bda8e906b95e">
      <Execution id="21648128-f734-4f12-885f-a93870e32aa2" />
      <TestMethod codeBase="/workdir/repositories/spec-kit-dotnet-cli-demo/tests/TimezoneUtility.Unit/bin/Debug/net8.0/TimezoneUtility.Unit.dll" adapterTypeName="executor://xunit/VsTestRunner2/netcoreapp" className="TimezoneUtility.Unit.Services.BatchConversion.SuccessfulResultFormatterTests" name="STS_005_A2_SameTimezone_NoOp_ProducesUnchangedTimestamp" />
    </UnitTest>
    <UnitTest name="TimezoneUtility.Unit.Services.BatchConversion.CsvBatchReaderTests.STS_002_A2_UnresolvableHeader_ReturnsFileLevelError_NoRowsProcessed" storage="/workdir/repositories/spec-kit-dotnet-cli-demo/tests/timezoneutility.unit/bin/debug/net8.0/timezoneutility.unit.dll" id="409fbf05-d24b-0c66-a9a6-ec6a1224e173">
      <Execution id="c46273a2-f709-47d0-8aa1-911d54bb56c9" />
      <TestMethod codeBase="/workdir/repositories/spec-kit-dotnet-cli-demo/tests/TimezoneUtility.Unit/bin/Debug/net8.0/TimezoneUtility.Unit.dll" adapterTypeName="executor://xunit/VsTestRunner2/netcoreapp" className="TimezoneUtility.Unit.Services.BatchConversion.CsvBatchReaderTests" name="STS_002_A2_UnresolvableHeader_ReturnsFileLevelError_NoRowsProcessed" />
    </UnitTest>
    <UnitTest name="TimezoneUtility.Unit.Services.BatchConversion.BatchTimestampInterpreterTests.STS_004_A1_NoExplicitOffset_IsInterpretedAsLocalToSourceTimezone" storage="/workdir/repositories/spec-kit-dotnet-cli-demo/tests/timezoneutility.unit/bin/debug/net8.0/timezoneutility.unit.dll" id="7a1a073e-4b3f-161c-e806-029b4d3cba98">
      <Execution id="4d331f8e-6e2c-461d-918b-13b4e2f15d14" />
      <TestMethod codeBase="/workdir/repositories/spec-kit-dotnet-cli-demo/tests/TimezoneUtility.Unit/bin/Debug/net8.0/TimezoneUtility.Unit.dll" adapterTypeName="executor://xunit/VsTestRunner2/netcoreapp" className="TimezoneUtility.Unit.Services.BatchConversion.BatchTimestampInterpreterTests" name="STS_004_A1_NoExplicitOffset_IsInterpretedAsLocalToSourceTimezone" />
    </UnitTest>
    <UnitTest name="TimezoneUtility.Unit.Services.BatchConversion.CsvBatchReaderTests.REQ_002_HeaderNames_AreCaseInsensitive" storage="/workdir/repositories/spec-kit-dotnet-cli-demo/tests/timezoneutility.unit/bin/debug/net8.0/timezoneutility.unit.dll" id="5709da7f-72bd-4b87-a958-445f17790649">
      <Execution id="c15c098c-93ae-48a4-9b46-d9daab6062a9" />
      <TestMethod codeBase="/workdir/repositories/spec-kit-dotnet-cli-demo/tests/TimezoneUtility.Unit/bin/Debug/net8.0/TimezoneUtility.Unit.dll" adapterTypeName="executor://xunit/VsTestRunner2/netcoreapp" className="TimezoneUtility.Unit.Services.BatchConversion.CsvBatchReaderTests" name="REQ_002_HeaderNames_AreCaseInsensitive" />
    </UnitTest>
    <UnitTest name="TimezoneUtility.Unit.Services.BatchConversion.SuccessfulResultFormatterTests.STS_005_A1_DateBoundaryCrossing_IsCapturedInConvertedResult" storage="/workdir/repositories/spec-kit-dotnet-cli-demo/tests/timezoneutility.unit/bin/debug/net8.0/timezoneutility.unit.dll" id="ca0a8b12-acc1-3fa8-b9b7-775027de81a0">
      <Execution id="b15001f7-ebdf-4177-890a-20f047f51371" />
      <TestMethod codeBase="/workdir/repositories/spec-kit-dotnet-cli-demo/tests/TimezoneUtility.Unit/bin/Debug/net8.0/TimezoneUtility.Unit.dll" adapterTypeName="executor://xunit/VsTestRunner2/netcoreapp" className="TimezoneUtility.Unit.Services.BatchConversion.SuccessfulResultFormatterTests" name="STS_005_A1_DateBoundaryCrossing_IsCapturedInConvertedResult" />
    </UnitTest>
    <UnitTest name="TimezoneUtility.Unit.Services.BatchConversion.ModelInvariantTests.BatchConversionRow_HoldsRawFieldsExactlyAsSupplied" storage="/workdir/repositories/spec-kit-dotnet-cli-demo/tests/timezoneutility.unit/bin/debug/net8.0/timezoneutility.unit.dll" id="e5d0f044-6d58-cf97-5f4a-5c656fddb375">
      <Execution id="4b2bc49f-70c8-4109-853e-f794b5bdb7d0" />
      <TestMethod codeBase="/workdir/repositories/spec-kit-dotnet-cli-demo/tests/TimezoneUtility.Unit/bin/Debug/net8.0/TimezoneUtility.Unit.dll" adapterTypeName="executor://xunit/VsTestRunner2/netcoreapp" className="TimezoneUtility.Unit.Services.BatchConversion.ModelInvariantTests" name="BatchConversionRow_HoldsRawFieldsExactlyAsSupplied" />
    </UnitTest>
    <UnitTest name="TimezoneUtility.Unit.Services.BatchConversion.ModelInvariantTests.REQ_021_REQ_022_BatchRunSummary_TotalRowsEqualsSucceededPlusFailed(succeeded: 0, failed: 0)" storage="/workdir/repositories/spec-kit-dotnet-cli-demo/tests/timezoneutility.unit/bin/debug/net8.0/timezoneutility.unit.dll" id="f85473f4-32db-17c3-0b9d-bf4772f61fa3">
      <Execution id="0f2d086c-9efa-45b3-9aab-87043e7598df" />
      <TestMethod codeBase="/workdir/repositories/spec-kit-dotnet-cli-demo/tests/TimezoneUtility.Unit/bin/Debug/net8.0/TimezoneUtility.Unit.dll" adapterTypeName="executor://xunit/VsTestRunner2/netcoreapp" className="TimezoneUtility.Unit.Services.BatchConversion.ModelInvariantTests" name="REQ_021_REQ_022_BatchRunSummary_TotalRowsEqualsSucceededPlusFailed" />
    </UnitTest>
    <UnitTest name="TimezoneUtility.Unit.Services.BatchConversion.BatchRunSummaryGeneratorTests.REQ_NF_003_TwoCountsAloneClassifyTheRun(succeeded: 0, failed: 5)" storage="/workdir/repositories/spec-kit-dotnet-cli-demo/tests/timezoneutility.unit/bin/debug/net8.0/timezoneutility.unit.dll" id="3403d022-9622-e1f8-25c7-ca6bab5ad9f5">
      <Execution id="61ebaf6d-94a2-43ac-b89f-183ce28c6416" />
      <TestMethod codeBase="/workdir/repositories/spec-kit-dotnet-cli-demo/tests/TimezoneUtility.Unit/bin/Debug/net8.0/TimezoneUtility.Unit.dll" adapterTypeName="executor://xunit/VsTestRunner2/netcoreapp" className="TimezoneUtility.Unit.Services.BatchConversion.BatchRunSummaryGeneratorTests" name="REQ_NF_003_TwoCountsAloneClassifyTheRun" />
    </UnitTest>
    <UnitTest name="TimezoneUtility.Unit.Services.BatchConversion.BatchRowValidatorTests.REQ_015_MissingTimestamp_FailsIdentifyingTheField" storage="/workdir/repositories/spec-kit-dotnet-cli-demo/tests/timezoneutility.unit/bin/debug/net8.0/timezoneutility.unit.dll" id="1bec9231-2a12-05fc-5504-7c0771163230">
      <Execution id="aee3814c-81f5-4951-8d5b-20b5970383d4" />
      <TestMethod codeBase="/workdir/repositories/spec-kit-dotnet-cli-demo/tests/TimezoneUtility.Unit/bin/Debug/net8.0/TimezoneUtility.Unit.dll" adapterTypeName="executor://xunit/VsTestRunner2/netcoreapp" className="TimezoneUtility.Unit.Services.BatchConversion.BatchRowValidatorTests" name="REQ_015_MissingTimestamp_FailsIdentifyingTheField" />
    </UnitTest>
    <UnitTest name="TimezoneUtility.Unit.Services.BatchConversion.BatchTimestampInterpreterTests.EmptyTimestamp_ReturnsFalse" storage="/workdir/repositories/spec-kit-dotnet-cli-demo/tests/timezoneutility.unit/bin/debug/net8.0/timezoneutility.unit.dll" id="d9cfbed8-fb80-3e62-d57e-e0d08a077938">
      <Execution id="bbe7f75c-2151-44c7-a461-2c7de7202daa" />
      <TestMethod codeBase="/workdir/repositories/spec-kit-dotnet-cli-demo/tests/TimezoneUtility.Unit/bin/Debug/net8.0/TimezoneUtility.Unit.dll" adapterTypeName="executor://xunit/VsTestRunner2/netcoreapp" className="TimezoneUtility.Unit.Services.BatchConversion.BatchTimestampInterpreterTests" name="EmptyTimestamp_ReturnsFalse" />
    </UnitTest>
    <UnitTest name="TimezoneUtility.Unit.Services.BatchConversion.ModelInvariantTests.REQ_007_RowConversionResult_ConvertedLocalDateTime_IsDerivedFromInstantAndZone" storage="/workdir/repositories/spec-kit-dotnet-cli-demo/tests/timezoneutility.unit/bin/debug/net8.0/timezoneutility.unit.dll" id="38a4e1c3-545a-b8e7-5676-0246d03ed1ae">
      <Execution id="c3b14111-7008-4d56-8de4-27342940e40a" />
      <TestMethod codeBase="/workdir/repositories/spec-kit-dotnet-cli-demo/tests/TimezoneUtility.Unit/bin/Debug/net8.0/TimezoneUtility.Unit.dll" adapterTypeName="executor://xunit/VsTestRunner2/netcoreapp" className="TimezoneUtility.Unit.Services.BatchConversion.ModelInvariantTests" name="REQ_007_RowConversionResult_ConvertedLocalDateTime_IsDerivedFromInstantAndZone" />
    </UnitTest>
    <UnitTest name="TimezoneUtility.Unit.Services.BatchConversion.InvalidRowReporterTests.STS_007_A1_ReportedEntry_ContainsRowNumberAndReason" storage="/workdir/repositories/spec-kit-dotnet-cli-demo/tests/timezoneutility.unit/bin/debug/net8.0/timezoneutility.unit.dll" id="7234e5e4-4b1a-e3a5-b894-7b12b0c07eb3">
      <Execution id="60e14187-f16f-47c2-8311-ca67f414b9c2" />
      <TestMethod codeBase="/workdir/repositories/spec-kit-dotnet-cli-demo/tests/TimezoneUtility.Unit/bin/Debug/net8.0/TimezoneUtility.Unit.dll" adapterTypeName="executor://xunit/VsTestRunner2/netcoreapp" className="TimezoneUtility.Unit.Services.BatchConversion.InvalidRowReporterTests" name="STS_007_A1_ReportedEntry_ContainsRowNumberAndReason" />
    </UnitTest>
    <UnitTest name="TimezoneUtility.Unit.Services.BatchConversion.CsvBatchReaderTests.STS_002_B1_HeaderOnlyFile_ResolvesSuccessfullyWithZeroRows" storage="/workdir/repositories/spec-kit-dotnet-cli-demo/tests/timezoneutility.unit/bin/debug/net8.0/timezoneutility.unit.dll" id="aac64e10-8034-ec05-e9ed-b4a87bb32046">
      <Execution id="4711825f-9dc9-47fd-b050-79c4d015cb1f" />
      <TestMethod codeBase="/workdir/repositories/spec-kit-dotnet-cli-demo/tests/TimezoneUtility.Unit/bin/Debug/net8.0/TimezoneUtility.Unit.dll" adapterTypeName="executor://xunit/VsTestRunner2/netcoreapp" className="TimezoneUtility.Unit.Services.BatchConversion.CsvBatchReaderTests" name="STS_002_B1_HeaderOnlyFile_ResolvesSuccessfullyWithZeroRows" />
    </UnitTest>
    <UnitTest name="TimezoneUtility.Unit.Services.BatchConversion.BatchOutputWriterTests.STS_009_B1_WriteDestinationUnwritable_ReportsFailure_AndInMemoryResultsRemainRetained" storage="/workdir/repositories/spec-kit-dotnet-cli-demo/tests/timezoneutility.unit/bin/debug/net8.0/timezoneutility.unit.dll" id="4ce80567-2c44-406b-eaa1-a397d1a23424">
      <Execution id="3194944d-4d00-4016-a797-48cff2dda92e" />
      <TestMethod codeBase="/workdir/repositories/spec-kit-dotnet-cli-demo/tests/TimezoneUtility.Unit/bin/Debug/net8.0/TimezoneUtility.Unit.dll" adapterTypeName="executor://xunit/VsTestRunner2/netcoreapp" className="TimezoneUtility.Unit.Services.BatchConversion.BatchOutputWriterTests" name="STS_009_B1_WriteDestinationUnwritable_ReportsFailure_AndInMemoryResultsRemainRetained" />
    </UnitTest>
  </TestDefinitions>
  <TestEntries>
    <TestEntry testId="af6dcef6-602e-b5e0-5981-6902b39b2582" executionId="ad8a372e-fd7b-4f33-b23d-aeeea9402259" testListId="8c84fa94-04c1-424b-9868-57a2d4851a1d" />
    <TestEntry testId="d9cfbed8-fb80-3e62-d57e-e0d08a077938" executionId="bbe7f75c-2151-44c7-a461-2c7de7202daa" testListId="8c84fa94-04c1-424b-9868-57a2d4851a1d" />
    <TestEntry testId="88a5291a-312f-e746-e51b-974e8f15ab62" executionId="572227de-42b6-425e-a13b-aaca75953ef6" testListId="8c84fa94-04c1-424b-9868-57a2d4851a1d" />
    <TestEntry testId="f5a456b5-25ea-feb9-8970-06fd2387655d" executionId="d6c68700-cefc-4e40-aeea-ce29976035e9" testListId="8c84fa94-04c1-424b-9868-57a2d4851a1d" />
    <TestEntry testId="ca0a8b12-acc1-3fa8-b9b7-775027de81a0" executionId="b15001f7-ebdf-4177-890a-20f047f51371" testListId="8c84fa94-04c1-424b-9868-57a2d4851a1d" />
    <TestEntry testId="4b3c16ad-a3f4-f111-8906-2902a5294319" executionId="9f56fe5e-0244-4604-b1b5-d21addb2f2bb" testListId="8c84fa94-04c1-424b-9868-57a2d4851a1d" />
    <TestEntry testId="b6072c66-7ade-8f42-cb4c-1cf0aa26b76f" executionId="114c52a9-4766-4ad3-94d6-b47759211e07" testListId="8c84fa94-04c1-424b-9868-57a2d4851a1d" />
    <TestEntry testId="ac54ae97-bf03-9e52-b034-ed50f91fe0e4" executionId="c741febf-1858-477b-bdad-ae941a85e961" testListId="8c84fa94-04c1-424b-9868-57a2d4851a1d" />
    <TestEntry testId="6f5cb38b-13e3-c68b-b64b-f35b94349464" executionId="4fe6515c-11d0-4058-ab8d-37a1434c2a2d" testListId="8c84fa94-04c1-424b-9868-57a2d4851a1d" />
    <TestEntry testId="98a3504b-f8fc-4049-9cd2-50f44dfbb96e" executionId="93f73f40-7284-4850-bec7-d7afb91ee33c" testListId="8c84fa94-04c1-424b-9868-57a2d4851a1d" />
    <TestEntry testId="4ce80567-2c44-406b-eaa1-a397d1a23424" executionId="3194944d-4d00-4016-a797-48cff2dda92e" testListId="8c84fa94-04c1-424b-9868-57a2d4851a1d" />
    <TestEntry testId="e5d0f044-6d58-cf97-5f4a-5c656fddb375" executionId="4b2bc49f-70c8-4109-853e-f794b5bdb7d0" testListId="8c84fa94-04c1-424b-9868-57a2d4851a1d" />
    <TestEntry testId="b68b38b1-b6fc-86c2-8b25-e7917129b700" executionId="2a67742e-389b-4dc5-aa43-d861ef4919a8" testListId="8c84fa94-04c1-424b-9868-57a2d4851a1d" />
    <TestEntry testId="53e99a33-480c-d0df-be01-610388c4f4da" executionId="9744abdd-1c96-4264-b98d-424b9a77367c" testListId="8c84fa94-04c1-424b-9868-57a2d4851a1d" />
    <TestEntry testId="78bb1764-1171-c70a-f37c-34cd7f4d617e" executionId="c54dcedf-d6a3-454c-92a2-8113e42a67aa" testListId="8c84fa94-04c1-424b-9868-57a2d4851a1d" />
    <TestEntry testId="d3d9ce95-4943-1d77-b14a-2d1ad4a1e9d3" executionId="75ef08ab-dc40-4d39-b78d-615e3c8ff92a" testListId="8c84fa94-04c1-424b-9868-57a2d4851a1d" />
    <TestEntry testId="eb8b225e-7334-7fe1-ba56-323c801bdb86" executionId="184010ff-911f-48e0-8961-3926cdacc908" testListId="8c84fa94-04c1-424b-9868-57a2d4851a1d" />
    <TestEntry testId="ac05867c-fd10-b86b-27d9-3f814aa8d84c" executionId="6365f3a9-7648-4bef-bb4c-02c8543a6007" testListId="8c84fa94-04c1-424b-9868-57a2d4851a1d" />
    <TestEntry testId="fabd92b0-32fe-15aa-b3df-ab25f3eaab54" executionId="e6f5e515-8809-492c-bf2e-47cba28c24a5" testListId="8c84fa94-04c1-424b-9868-57a2d4851a1d" />
    <TestEntry testId="38a4e1c3-545a-b8e7-5676-0246d03ed1ae" executionId="c3b14111-7008-4d56-8de4-27342940e40a" testListId="8c84fa94-04c1-424b-9868-57a2d4851a1d" />
    <TestEntry testId="3403d022-9622-e1f8-25c7-ca6bab5ad9f5" executionId="61ebaf6d-94a2-43ac-b89f-183ce28c6416" testListId="8c84fa94-04c1-424b-9868-57a2d4851a1d" />
    <TestEntry testId="44f1d2e4-a7fb-88e1-a04f-6ffdbae72b2b" executionId="a64b425b-e427-4352-958c-627a99bb9c1e" testListId="8c84fa94-04c1-424b-9868-57a2d4851a1d" />
    <TestEntry testId="f85473f4-32db-17c3-0b9d-bf4772f61fa3" executionId="0f2d086c-9efa-45b3-9aab-87043e7598df" testListId="8c84fa94-04c1-424b-9868-57a2d4851a1d" />
    <TestEntry testId="5709da7f-72bd-4b87-a958-445f17790649" executionId="c15c098c-93ae-48a4-9b46-d9daab6062a9" testListId="8c84fa94-04c1-424b-9868-57a2d4851a1d" />
    <TestEntry testId="1f0b74d8-1cd5-585a-1584-08e9626d2fb2" executionId="102aa95c-bb5d-4099-ae55-f885c1b5f44e" testListId="8c84fa94-04c1-424b-9868-57a2d4851a1d" />
    <TestEntry testId="4c0ca501-6ba6-3a1d-52e4-d514fc51f5f3" executionId="458e29a3-9573-4101-9905-c6d85b238b18" testListId="8c84fa94-04c1-424b-9868-57a2d4851a1d" />
    <TestEntry testId="409fbf05-d24b-0c66-a9a6-ec6a1224e173" executionId="c46273a2-f709-47d0-8aa1-911d54bb56c9" testListId="8c84fa94-04c1-424b-9868-57a2d4851a1d" />
    <TestEntry testId="18586f6c-2afe-ff3c-66e7-90f9959da161" executionId="d2eb489a-28c2-4157-a5ec-3ea3312e4fdc" testListId="8c84fa94-04c1-424b-9868-57a2d4851a1d" />
    <TestEntry testId="8670df7a-26bc-5c4d-bddc-8c62d4e2c469" executionId="aa4ddf0a-4f85-4628-8d45-404a4c9eac52" testListId="8c84fa94-04c1-424b-9868-57a2d4851a1d" />
    <TestEntry testId="14daf099-5f87-4cd5-aeba-47e8a461558e" executionId="83ca8b31-47eb-4b4a-a8ad-875b6381b350" testListId="8c84fa94-04c1-424b-9868-57a2d4851a1d" />
    <TestEntry testId="5fa40a7e-9df8-eab4-f91e-70b910b3b2dc" executionId="5dbaf6db-05fc-496a-a6bc-c4243ecb064e" testListId="8c84fa94-04c1-424b-9868-57a2d4851a1d" />
    <TestEntry testId="34a2213c-5695-aff4-938b-a6a56464b6b6" executionId="a7165f7a-3b42-4641-9dcb-23eb3cbc2b55" testListId="8c84fa94-04c1-424b-9868-57a2d4851a1d" />
    <TestEntry testId="1aa0b625-6feb-64af-7249-819ed02f607e" executionId="5a3747f3-fd08-4a4a-b0e9-285f239f404d" testListId="8c84fa94-04c1-424b-9868-57a2d4851a1d" />
    <TestEntry testId="aedc13a2-9e77-0b9b-4c2e-405495c5f686" executionId="68aeb30a-36c1-476f-a437-38a17d1e821e" testListId="8c84fa94-04c1-424b-9868-57a2d4851a1d" />
    <TestEntry testId="7a1a073e-4b3f-161c-e806-029b4d3cba98" executionId="4d331f8e-6e2c-461d-918b-13b4e2f15d14" testListId="8c84fa94-04c1-424b-9868-57a2d4851a1d" />
    <TestEntry testId="7718f4bd-53a5-cc88-9306-04701a1d2164" executionId="ac7d092e-0305-404c-bc64-8e80d3160ff7" testListId="8c84fa94-04c1-424b-9868-57a2d4851a1d" />
    <TestEntry testId="d2124d37-75ab-e29b-2b5a-f11cb544fe36" executionId="43b46881-19c9-4d3b-bafc-f9d545774f1a" testListId="8c84fa94-04c1-424b-9868-57a2d4851a1d" />
    <TestEntry testId="348348fe-7f48-658d-3153-bda8e906b95e" executionId="21648128-f734-4f12-885f-a93870e32aa2" testListId="8c84fa94-04c1-424b-9868-57a2d4851a1d" />
    <TestEntry testId="e2aeeef7-e2af-c84f-1c7a-d5b7cd4c476b" executionId="7e7c193c-6728-4773-b767-e95f9649166d" testListId="8c84fa94-04c1-424b-9868-57a2d4851a1d" />
    <TestEntry testId="7234e5e4-4b1a-e3a5-b894-7b12b0c07eb3" executionId="60e14187-f16f-47c2-8311-ca67f414b9c2" testListId="8c84fa94-04c1-424b-9868-57a2d4851a1d" />
    <TestEntry testId="78cedbc1-cd50-dd36-9de3-91336d00a456" executionId="9dc62608-73ea-4893-b0cc-77159bf42b4f" testListId="8c84fa94-04c1-424b-9868-57a2d4851a1d" />
    <TestEntry testId="aac64e10-8034-ec05-e9ed-b4a87bb32046" executionId="4711825f-9dc9-47fd-b050-79c4d015cb1f" testListId="8c84fa94-04c1-424b-9868-57a2d4851a1d" />
    <TestEntry testId="5e22a062-b6d4-c754-b6ca-a20d82b93d1f" executionId="5cbba640-a8ea-45f0-aa19-d7c6d18a128d" testListId="8c84fa94-04c1-424b-9868-57a2d4851a1d" />
    <TestEntry testId="be01a04f-f400-1ffa-befb-babada64c76a" executionId="a5873f74-53c1-4567-88ba-3bca1494d2c9" testListId="8c84fa94-04c1-424b-9868-57a2d4851a1d" />
    <TestEntry testId="1bec9231-2a12-05fc-5504-7c0771163230" executionId="aee3814c-81f5-4951-8d5b-20b5970383d4" testListId="8c84fa94-04c1-424b-9868-57a2d4851a1d" />
  </TestEntries>
  <TestLists>
    <TestList name="Results Not in a List" id="8c84fa94-04c1-424b-9868-57a2d4851a1d" />
    <TestList name="All Loaded Results" id="19431567-8539-422a-85d7-44ee4e166bda" />
  </TestLists>
  <ResultSummary outcome="Completed">
    <Counters total="45" executed="45" passed="45" failed="0" error="0" timeout="0" aborted="0" inconclusive="0" passedButRunAborted="0" notRunnable="0" notExecuted="0" disconnected="0" warning="0" completed="0" inProgress="0" pending="0" />
    <Output>
      <StdOut>[xUnit.net 00:00:00.00] xUnit.net VSTest Adapter v2.5.3.1+6b60a9e56a (64-bit .NET 8.0.31)
[xUnit.net 00:00:00.03]   Discovering: TimezoneUtility.Unit
[xUnit.net 00:00:00.06]   Discovered:  TimezoneUtility.Unit
[xUnit.net 00:00:00.06]   Starting:    TimezoneUtility.Unit
[xUnit.net 00:00:00.17]   Finished:    TimezoneUtility.Unit
</StdOut>
    </Output>
  </ResultSummary>
</TestRun>